[Thread debugging using libthread_db enabled]
Using host libthread_db library "/lib/x86_64-linux-gnu/libthread_db.so.1".
0x00007f7837f223ea in __GI___wait4 (pid=322127, stat_loc=stat_loc@entry=0x7ffddd498568, options=options@entry=0, usage=usage@entry=0x0) at ../sysdeps/unix/sysv/linux/wait4.c:30
30	../sysdeps/unix/sysv/linux/wait4.c: No such file or directory.
#0  0x00007f7837f223ea in __GI___wait4 (pid=322127, stat_loc=stat_loc@entry=0x7ffddd498568, options=options@entry=0, usage=usage@entry=0x0) at ../sysdeps/unix/sysv/linux/wait4.c:30
        sc_ret = -512
        sc_ret = <optimized out>
#1  0x00007f7837f223ab in __GI___waitpid (pid=<optimized out>, stat_loc=stat_loc@entry=0x7ffddd498568, options=options@entry=0) at ./posix/waitpid.c:38
No locals.
#2  0x00007f7837e88bdb in do_system (line=<optimized out>) at ../sysdeps/posix/system.c:171
        __result = <optimized out>
        _cleanup_start_doit = true
        _buffer = {__routine = 0x7f7837e88c60 <cancel_handler>, __arg = 0x7ffddd498570, __canceltype = 0, __prev = 0x0}
        _cleanup_routine = 0x7f7837e88c60 <cancel_handler>
        cancel_args = {quit = 0x7f78380547a0 <quit>, intr = 0x7f7838054840 <intr>, pid = 322127}
        status = -1
        ret = 0
        pid = 322127
        sa = {__sigaction_handler = {sa_handler = 0x1, sa_sigaction = 0x1}, sa_mask = {__val = {65536, 0, 0, 0, 0, 0, 0, 0, 0, 2141192192, 0, 18446744073709551615, 0, 18446744073709551615, 0, 18446744073709551615}}, sa_flags = 0, sa_restorer = 0x7fa00000ffffffff}
        omask = {__val = {0, 9196350441231745024, 9196350441231745024, 9196350441231745024, 9196350441231745024, 9196350441231745024, 9196350441231745024, 9196350441231745024, 9196350441231745024, 9196350441231745024, 9196350441231745024, 140728316037824, 3904956443567295367, 4575738641094328832, 140728316037824, 2}}
        reset = {__val = {6, 199, 140728316036752, 94619955995177, 140728316037136, 140154311017626, 140728316037152, 140728316036992, 140728825905153, 140728316037824, 140728316037824, 140728316037824, 140728316037824, 140728316037900, 140728316038023, 140728316037824}}
        spawn_attr = {__flags = 12, __pgrp = 0, __sd = {__val = {6, 199, 140728316036752, 94619955995177, 140728316037136, 140154311017626, 140728316037152, 140728316036992, 140728825905153, 140728316037824, 140728316037824, 140728316037824, 140728316037824, 140728316037900, 140728316038023, 140728316037824}}, __ss = {__val = {0, 9196350441231745024, 9196350441231745024, 9196350441231745024, 9196350441231745024, 9196350441231745024, 9196350441231745024, 9196350441231745024, 9196350441231745024, 9196350441231745024, 9196350441231745024, 140728316037824, 3904956443567295367, 4575738641094328832, 140728316037824, 2}}, __sp = {sched_priority = 0}, __policy = 0, __pad = {0 <repeats 16 times>}}
#3  0x0000560e6ccab88d in AP_HAL::run_command_on_ownpid(char const*) ()
No symbol table info available.
#4  0x0000560e6ccabb96 in AP_HAL::panic(char const*, ...) ()
No symbol table info available.
#5  0x0000560e6cbbea2e in AP_Param::check_group_info(AP_Param::GroupInfo const*, unsigned short*, unsigned char, unsigned char) ()
No symbol table info available.
#6  0x0000560e6cbbebdc in AP_Param::check_var_info() ()
No symbol table info available.
#7  0x0000560e6cbd7a04 in AP_Vehicle::setup() ()
No symbol table info available.
#8  0x0000560e6cca4c6d in HAL_SITL::run(int, char* const*, AP_HAL::HAL::Callbacks*) const ()
No symbol table info available.
#9  0x0000560e6caf9cd4 in main ()
No symbol table info available.

Thread 1 (Thread 0x7f7837e33740 (LWP 322116) "arduplane"):
#0  0x00007f7837f223ea in __GI___wait4 (pid=322127, stat_loc=stat_loc@entry=0x7ffddd498568, options=options@entry=0, usage=usage@entry=0x0) at ../sysdeps/unix/sysv/linux/wait4.c:30
        sc_ret = -512
        sc_ret = <optimized out>
#1  0x00007f7837f223ab in __GI___waitpid (pid=<optimized out>, stat_loc=stat_loc@entry=0x7ffddd498568, options=options@entry=0) at ./posix/waitpid.c:38
No locals.
#2  0x00007f7837e88bdb in do_system (line=<optimized out>) at ../sysdeps/posix/system.c:171
        __result = <optimized out>
        _cleanup_start_doit = true
        _buffer = {__routine = 0x7f7837e88c60 <cancel_handler>, __arg = 0x7ffddd498570, __canceltype = 0, __prev = 0x0}
        _cleanup_routine = 0x7f7837e88c60 <cancel_handler>
        cancel_args = {quit = 0x7f78380547a0 <quit>, intr = 0x7f7838054840 <intr>, pid = 322127}
        status = -1
        ret = 0
        pid = 322127
        sa = {__sigaction_handler = {sa_handler = 0x1, sa_sigaction = 0x1}, sa_mask = {__val = {65536, 0, 0, 0, 0, 0, 0, 0, 0, 2141192192, 0, 18446744073709551615, 0, 18446744073709551615, 0, 18446744073709551615}}, sa_flags = 0, sa_restorer = 0x7fa00000ffffffff}
        omask = {__val = {0, 9196350441231745024, 9196350441231745024, 9196350441231745024, 9196350441231745024, 9196350441231745024, 9196350441231745024, 9196350441231745024, 9196350441231745024, 9196350441231745024, 9196350441231745024, 140728316037824, 3904956443567295367, 4575738641094328832, 140728316037824, 2}}
        reset = {__val = {6, 199, 140728316036752, 94619955995177, 140728316037136, 140154311017626, 140728316037152, 140728316036992, 140728825905153, 140728316037824, 140728316037824, 140728316037824, 140728316037824, 140728316037900, 140728316038023, 140728316037824}}
        spawn_attr = {__flags = 12, __pgrp = 0, __sd = {__val = {6, 199, 140728316036752, 94619955995177, 140728316037136, 140154311017626, 140728316037152, 140728316036992, 140728825905153, 140728316037824, 140728316037824, 140728316037824, 140728316037824, 140728316037900, 140728316038023, 140728316037824}}, __ss = {__val = {0, 9196350441231745024, 9196350441231745024, 9196350441231745024, 9196350441231745024, 9196350441231745024, 9196350441231745024, 9196350441231745024, 9196350441231745024, 9196350441231745024, 9196350441231745024, 140728316037824, 3904956443567295367, 4575738641094328832, 140728316037824, 2}}, __sp = {sched_priority = 0}, __policy = 0, __pad = {0 <repeats 16 times>}}
#3  0x0000560e6ccab88d in AP_HAL::run_command_on_ownpid(char const*) ()
No symbol table info available.
#4  0x0000560e6ccabb96 in AP_HAL::panic(char const*, ...) ()
No symbol table info available.
#5  0x0000560e6cbbea2e in AP_Param::check_group_info(AP_Param::GroupInfo const*, unsigned short*, unsigned char, unsigned char) ()
No symbol table info available.
#6  0x0000560e6cbbebdc in AP_Param::check_var_info() ()
No symbol table info available.
#7  0x0000560e6cbd7a04 in AP_Vehicle::setup() ()
No symbol table info available.
#8  0x0000560e6cca4c6d in HAL_SITL::run(int, char* const*, AP_HAL::HAL::Callbacks*) const ()
No symbol table info available.
#9  0x0000560e6caf9cd4 in main ()
No symbol table info available.
A debugging session is active.

	Inferior 1 [process 322116] will be detached.

Quit anyway? (y or n) [answered Y; input not from terminal]
[Inferior 1 (process 322116) detached]
