[New LWP 1124]
[New LWP 1125]
[New LWP 1126]
[New LWP 1127]
[New LWP 1128]
[New LWP 1129]
[New LWP 1130]
[New LWP 1133]
[Thread debugging using libthread_db enabled]
Using host libthread_db library "/lib/x86_64-linux-gnu/libthread_db.so.1".
0x00007f80a656e7f8 in __GI___clock_nanosleep (clock_id=clock_id@entry=0, flags=flags@entry=0, req=req@entry=0x7ffd934939b0, rem=rem@entry=0x0) at ../sysdeps/unix/sysv/linux/clock_nanosleep.c:78
78	../sysdeps/unix/sysv/linux/clock_nanosleep.c: No such file or directory.
#0  0x00007f80a656e7f8 in __GI___clock_nanosleep (clock_id=clock_id@entry=0, flags=flags@entry=0, req=req@entry=0x7ffd934939b0, rem=rem@entry=0x0) at ../sysdeps/unix/sysv/linux/clock_nanosleep.c:78
        sc_cancel_oldtype = 0
        sc_ret = <optimized out>
        r = <optimized out>
#1  0x00007f80a6573677 in __GI___nanosleep (req=req@entry=0x7ffd934939b0, rem=rem@entry=0x0) at ../sysdeps/unix/sysv/linux/nanosleep.c:25
        ret = <optimized out>
#2  0x00007f80a65a4f2f in usleep (useconds=<optimized out>) at ../sysdeps/posix/usleep.c:31
        ts = {tv_sec = 0, tv_nsec = 5457000}
#3  0x00005609b420bacf in SITL::Aircraft::sync_frame_time() ()
No symbol table info available.
#4  0x00005609b422bc54 in SITL::QuadPlane::update(sitl_input const&) ()
No symbol table info available.
#5  0x00005609b41fee1a in HALSITL::SITL_State::_fdm_input_local() [clone .part.0] ()
No symbol table info available.
#6  0x00005609b41ff127 in HALSITL::SITL_State::_fdm_input_step() ()
No symbol table info available.
#7  0x00005609b41ff297 in HALSITL::SITL_State::wait_clock(unsigned long) ()
No symbol table info available.
#8  0x00005609b4201dec in HALSITL::Scheduler::delay(unsigned short) ()
No symbol table info available.
#9  0x00005609b408edfe in AP_Baro::calibrate(bool) ()
No symbol table info available.
#10 0x00005609b407c736 in Plane::init_ardupilot() ()
No symbol table info available.
#11 0x00005609b412e8f6 in AP_Vehicle::setup() ()
No symbol table info available.
#12 0x00005609b41fc66d in HAL_SITL::run(int, char* const*, AP_HAL::HAL::Callbacks*) const ()
No symbol table info available.
#13 0x00005609b4050034 in main ()
No symbol table info available.

Thread 9 (Thread 0x7f808bfff640 (LWP 1133) "log_io"):
#0  0x00007f80a656e7f8 in __GI___clock_nanosleep (clock_id=clock_id@entry=0, flags=flags@entry=0, req=req@entry=0x7f808bffec40, rem=rem@entry=0x0) at ../sysdeps/unix/sysv/linux/clock_nanosleep.c:78
        sc_cancel_oldtype = 0
        sc_ret = <optimized out>
        r = <optimized out>
#1  0x00007f80a6573677 in __GI___nanosleep (req=req@entry=0x7f808bffec40, rem=rem@entry=0x0) at ../sysdeps/unix/sysv/linux/nanosleep.c:25
        ret = <optimized out>
#2  0x00007f80a65a4f2f in usleep (useconds=<optimized out>) at ../sysdeps/posix/usleep.c:31
        ts = {tv_sec = 0, tv_nsec = 1000000}
#3  0x00005609b41ff30a in HALSITL::SITL_State::wait_clock(unsigned long) ()
No symbol table info available.
#4  0x00005609b4201735 in HALSITL::Scheduler::delay_microseconds(unsigned short) ()
No symbol table info available.
#5  0x00005609b4133bd4 in AP_Logger::io_thread() ()
No symbol table info available.
#6  0x00005609b4133e7f in void Functor<void>::method_wrapper<AP_Logger, &AP_Logger::io_thread>(void*) ()
No symbol table info available.
#7  0x00005609b4201804 in HALSITL::Scheduler::thread_create_trampoline(void*) ()
No symbol table info available.
#8  0x00007f80a651dac3 in start_thread (arg=<optimized out>) at ./nptl/pthread_create.c:442
        ret = <optimized out>
        pd = <optimized out>
        out = <optimized out>
        unwind_buf = {cancel_jmp_buf = {{jmp_buf = {140727074503056, 3955219528414130185, 140190081349184, 11, 140190522922960, 140727074503408, -3899320357738254327, -3899396448003952631}, mask_was_saved = 0}}, priv = {pad = {0x0, 0x0, 0x0, 0x0}, data = {prev = 0x0, cleanup = 0x0, canceltype = 0}}}
        not_first_call = <optimized out>
#9  0x00007f80a65af850 in clone3 () at ../sysdeps/unix/sysv/linux/x86_64/clone3.S:81
No locals.

Thread 8 (Thread 0x7f8090bed640 (LWP 1130) "OSD"):
#0  0x00007f80a657342f in __GI___wait4 (pid=1131, stat_loc=stat_loc@entry=0x7f8090beb648, options=options@entry=0, usage=usage@entry=0x0) at ../sysdeps/unix/sysv/linux/wait4.c:30
        sc_ret = -512
        sc_cancel_oldtype = 0
        sc_ret = <optimized out>
#1  0x00007f80a65733ab in __GI___waitpid (pid=<optimized out>, stat_loc=stat_loc@entry=0x7f8090beb648, options=options@entry=0) at ./posix/waitpid.c:38
No locals.
#2  0x00007f80a64d9bdb in do_system (line=<optimized out>) at ../sysdeps/posix/system.c:171
        __result = <optimized out>
        _cleanup_start_doit = true
        _buffer = {__routine = 0x7f80a64d9c60 <cancel_handler>, __arg = 0x7f8090beb650, __canceltype = 0, __prev = 0x0}
        _cleanup_routine = 0x7f80a64d9c60 <cancel_handler>
        cancel_args = {quit = 0x7f80a66a57a0 <quit>, intr = 0x7f80a66a5840 <intr>, pid = 1131}
        status = -1
        ret = 0
        pid = 1131
        sa = {__sigaction_handler = {sa_handler = 0x1, sa_sigaction = 0x1}, sa_mask = {__val = {65536, 0, 0, 0, 0, 549755813888, 0, 549755813888, 0, 549755813888, 0, 18446744073709551615, 0, 18446744073709551615, 0, 18446744073709551615}}, sa_flags = 0, sa_restorer = 0xffffffff}
        omask = {__val = {1024, 0, 0, 0, 0, 0, 0, 0, 0, 0, 0, 140190160960416, 3904956440858508391, 6944047758486147584, 140190160960416, 2}}
        reset = {__val = {6, 199, 140190160959344, 94599677960937, 140190160959728, 140190522872986, 140190160959744, 140190160959584, 140191954993153, 140190160960416, 140190160960416, 140190160960416, 140190160960416, 140190160960488, 140190160960615, 140190160960416}}
        spawn_attr = {__flags = 12, __pgrp = 0, __sd = {__val = {6, 199, 140190160959344, 94599677960937, 140190160959728, 140190522872986, 140190160959744, 140190160959584, 140191954993153, 140190160960416, 140190160960416, 140190160960416, 140190160960416, 140190160960488, 140190160960615, 140190160960416}}, __ss = {__val = {1024, 0, 0, 0, 0, 0, 0, 0, 0, 0, 0, 140190160960416, 3904956440858508391, 6944047758486147584, 140190160960416, 2}}, __sp = {sched_priority = 0}, __policy = 0, __pad = {0 <repeats 16 times>}}
#3  0x00005609b420328d in AP_HAL::run_command_on_ownpid(char const*) ()
No symbol table info available.
#4  0x00005609b4203acc in _sig_segv(int) ()
No symbol table info available.
#5  <signal handler called>
No locals.
#6  0x00005609b41db89f in AP_OSD::osd_thread() ()
No symbol table info available.
#7  0x00005609b41dbdcf in void Functor<void>::method_wrapper<AP_OSD, &AP_OSD::osd_thread>(void*) ()
No symbol table info available.
#8  0x00005609b4201804 in HALSITL::Scheduler::thread_create_trampoline(void*) ()
No symbol table info available.
#9  0x00007f80a651dac3 in start_thread (arg=<optimized out>) at ./nptl/pthread_create.c:442
        ret = <optimized out>
        pd = <optimized out>
        out = <optimized out>
        unwind_buf = {cancel_jmp_buf = {{jmp_buf = {140727074503056, 3955219528414130185, 140190160967232, 11, 140190522922960, 140727074503408, -3899305523994955767, -3899396448003952631}, mask_was_saved = 0}}, priv = {pad = {0x0, 0x0, 0x0, 0x0}, data = {prev = 0x0, cleanup = 0x0, canceltype = 0}}}
        not_first_call = <optimized out>
#10 0x00007f80a65af850 in clone3 () at ../sysdeps/unix/sysv/linux/x86_64/clone3.S:81
No locals.

Thread 7 (Thread 0x7f80913ee640 (LWP 1129) "arduplane"):
#0  __GI___ioctl (fd=14, request=3224913674) at ../sysdeps/unix/sysv/linux/ioctl.c:36
        args = {{gp_offset = 16, fp_offset = 0, overflow_arg_area = 0x7f80913ece50, reg_save_area = 0x7f80913ece10}}
        arg = <optimized out>
        r = 0
#1  0x00007f809aabadf8 in D3DKMTQueryVideoMemoryInfo () from /usr/lib/wsl/lib/libdxcore.so
No symbol table info available.
#2  0x00007f809aa85694 in ?? () from /usr/lib/wsl/lib/libdxcore.so
No symbol table info available.
#3  0x00007f809aa43258 in ?? () from /usr/lib/wsl/lib/libdxcore.so
No symbol table info available.
#4  0x00007f80a49317b3 in ?? () from /usr/lib/x86_64-linux-gnu/dri/swrast_dri.so
No symbol table info available.
#5  0x00007f80a4957971 in ?? () from /usr/lib/x86_64-linux-gnu/dri/swrast_dri.so
No symbol table info available.
#6  0x00007f80a4982383 in ?? () from /usr/lib/x86_64-linux-gnu/dri/swrast_dri.so
No symbol table info available.
#7  0x00007f80a493ed74 in ?? () from /usr/lib/x86_64-linux-gnu/dri/swrast_dri.so
No symbol table info available.
#8  0x00007f80a43f1169 in ?? () from /usr/lib/x86_64-linux-gnu/dri/swrast_dri.so
No symbol table info available.
#9  0x00007f80a3eee217 in ?? () from /usr/lib/x86_64-linux-gnu/dri/swrast_dri.so
No symbol table info available.
#10 0x00007f80a6a3ed5d in sf::Texture::update(unsigned char const*, unsigned int, unsigned int, unsigned int, unsigned int) () from /lib/x86_64-linux-gnu/libsfml-graphics.so.2.5
No symbol table info available.
#11 0x00005609b41dcdf1 in AP_OSD_SITL::load_font() ()
No symbol table info available.
#12 0x00005609b41dcec2 in AP_OSD_SITL::update_thread() ()
No symbol table info available.
#13 0x00005609b41dd22d in AP_OSD_SITL::update_thread_start(void*) ()
No symbol table info available.
#14 0x00007f80a651dac3 in start_thread (arg=<optimized out>) at ./nptl/pthread_create.c:442
        ret = <optimized out>
        pd = <optimized out>
        out = <optimized out>
        unwind_buf = {cancel_jmp_buf = {{jmp_buf = {140727074503168, 3955219528414130185, 140190169359936, 11, 140190522922960, 140727074503520, -3899306622969712631, -3899396448003952631}, mask_was_saved = 0}}, priv = {pad = {0x0, 0x0, 0x0, 0x0}, data = {prev = 0x0, cleanup = 0x0, canceltype = 0}}}
        not_first_call = <optimized out>
#15 0x00007f80a65af850 in clone3 () at ../sysdeps/unix/sysv/linux/x86_64/clone3.S:81
No locals.

Thread 6 (Thread 0x7f8091bef640 (LWP 1128) "arduplan:gdrv0"):
#0  __futex_abstimed_wait_common64 (private=0, cancel=true, abstime=0x0, op=393, expected=0, futex_word=0x5609eb6e42e8) at ./nptl/futex-internal.c:57
        sc_cancel_oldtype = 0
        sc_ret = <optimized out>
        resultvar = <optimized out>
        __arg6 = <optimized out>
        __arg5 = <optimized out>
        __arg4 = <optimized out>
        __arg3 = <optimized out>
        __arg2 = <optimized out>
        __arg1 = <optimized out>
        _a6 = <optimized out>
        _a5 = <optimized out>
        _a4 = <optimized out>
        _a3 = <optimized out>
        _a2 = <optimized out>
        _a1 = <optimized out>
#1  __futex_abstimed_wait_common (cancel=true, private=0, abstime=0x0, clockid=0, expected=0, futex_word=0x5609eb6e42e8) at ./nptl/futex-internal.c:87
        err = <optimized out>
        clockbit = 256
        op = 393
        err = <optimized out>
        clockbit = <optimized out>
        op = <optimized out>
#2  __GI___futex_abstimed_wait_cancelable64 (futex_word=futex_word@entry=0x5609eb6e42e8, expected=expected@entry=0, clockid=clockid@entry=0, abstime=abstime@entry=0x0, private=private@entry=0) at ./nptl/futex-internal.c:139
No locals.
#3  0x00007f80a651ca41 in __pthread_cond_wait_common (abstime=0x0, clockid=0, mutex=0x5609eb6e4298, cond=0x5609eb6e42c0) at ./nptl/pthread_cond_wait.c:503
        spin = 0
        buffer = {__routine = 0x7f80a651c720 <__condvar_cleanup_waiting>, __arg = 0x7f8091beec80, __canceltype = 0, __prev = 0x0}
        cbuffer = {wseq = 0, cond = 0x5609eb6e42c0, mutex = 0x5609eb6e4298, private = 0}
        err = <optimized out>
        g = 0
        flags = <optimized out>
        g1_start = <optimized out>
        maxspin = 0
        signals = <optimized out>
        result = 0
        wseq = 0
        seq = 0
        private = 0
        maxspin = <optimized out>
        err = <optimized out>
        result = <optimized out>
        wseq = <optimized out>
        g = <optimized out>
        seq = <optimized out>
        flags = <optimized out>
        private = <optimized out>
        signals = <optimized out>
        done = <optimized out>
        g1_start = <optimized out>
        spin = <optimized out>
        buffer = <optimized out>
        cbuffer = <optimized out>
        s = <optimized out>
#4  ___pthread_cond_wait (cond=0x5609eb6e42c0, mutex=0x5609eb6e4298) at ./nptl/pthread_cond_wait.c:627
No locals.
#5  0x00007f80a3e9e52d in ?? () from /usr/lib/x86_64-linux-gnu/dri/swrast_dri.so
No symbol table info available.
#6  0x00007f80a3e4e8bb in ?? () from /usr/lib/x86_64-linux-gnu/dri/swrast_dri.so
No symbol table info available.
#7  0x00007f80a3e9e45b in ?? () from /usr/lib/x86_64-linux-gnu/dri/swrast_dri.so
No symbol table info available.
#8  0x00007f80a651dac3 in start_thread (arg=<optimized out>) at ./nptl/pthread_create.c:442
        ret = <optimized out>
        pd = <optimized out>
        out = <optimized out>
        unwind_buf = {cancel_jmp_buf = {{jmp_buf = {140727074500768, 3955219528414130185, 140190177752640, 2, 140190522922960, 140727074501120, -3899307721944469495, -3899396448003952631}, mask_was_saved = 0}}, priv = {pad = {0x0, 0x0, 0x0, 0x0}, data = {prev = 0x0, cleanup = 0x0, canceltype = 0}}}
        not_first_call = <optimized out>
#9  0x00007f80a65af850 in clone3 () at ../sysdeps/unix/sysv/linux/x86_64/clone3.S:81
No locals.

Thread 5 (Thread 0x7f80927fc640 (LWP 1127) "arduplane"):
#0  __futex_abstimed_wait_common64 (private=0, cancel=true, abstime=0x0, op=393, expected=0, futex_word=0x5609eb630f7c) at ./nptl/futex-internal.c:57
        sc_cancel_oldtype = 0
        sc_ret = <optimized out>
        resultvar = <optimized out>
        __arg6 = <optimized out>
        __arg5 = <optimized out>
        __arg4 = <optimized out>
        __arg3 = <optimized out>
        __arg2 = <optimized out>
        __arg1 = <optimized out>
        _a6 = <optimized out>
        _a5 = <optimized out>
        _a4 = <optimized out>
        _a3 = <optimized out>
        _a2 = <optimized out>
        _a1 = <optimized out>
#1  __futex_abstimed_wait_common (cancel=true, private=0, abstime=0x0, clockid=0, expected=0, futex_word=0x5609eb630f7c) at ./nptl/futex-internal.c:87
        err = <optimized out>
        clockbit = 256
        op = 393
        err = <optimized out>
        clockbit = <optimized out>
        op = <optimized out>
#2  __GI___futex_abstimed_wait_cancelable64 (futex_word=futex_word@entry=0x5609eb630f7c, expected=expected@entry=0, clockid=clockid@entry=0, abstime=abstime@entry=0x0, private=private@entry=0) at ./nptl/futex-internal.c:139
No locals.
#3  0x00007f80a651ca41 in __pthread_cond_wait_common (abstime=0x0, clockid=0, mutex=0x5609eb59c3b0, cond=0x5609eb630f50) at ./nptl/pthread_cond_wait.c:503
        spin = 0
        buffer = {__routine = 0x7f80a651c720 <__condvar_cleanup_waiting>, __arg = 0x7f80927fbd20, __canceltype = 0, __prev = 0x0}
        cbuffer = {wseq = 15, cond = 0x5609eb630f50, mutex = 0x5609eb59c3b0, private = 0}
        err = <optimized out>
        g = 1
        flags = <optimized out>
        g1_start = <optimized out>
        maxspin = 0
        signals = <optimized out>
        result = 0
        wseq = 15
        seq = 7
        private = 0
        maxspin = <optimized out>
        err = <optimized out>
        result = <optimized out>
        wseq = <optimized out>
        g = <optimized out>
        seq = <optimized out>
        flags = <optimized out>
        private = <optimized out>
        signals = <optimized out>
        done = <optimized out>
        g1_start = <optimized out>
        spin = <optimized out>
        buffer = <optimized out>
        cbuffer = <optimized out>
        s = <optimized out>
#4  ___pthread_cond_wait (cond=0x5609eb630f50, mutex=0x5609eb59c3b0) at ./nptl/pthread_cond_wait.c:627
No locals.
#5  0x00007f809a61b74f in ?? () from /usr/lib/wsl/lib/libd3d12core.so
No symbol table info available.
#6  0x00007f809a96662b in ?? () from /usr/lib/wsl/lib/libd3d12core.so
No symbol table info available.
#7  0x00007f809a966e0b in ?? () from /usr/lib/wsl/lib/libd3d12core.so
No symbol table info available.
#8  0x00007f80a651dac3 in start_thread (arg=<optimized out>) at ./nptl/pthread_create.c:442
        ret = <optimized out>
        pd = <optimized out>
        out = <optimized out>
        unwind_buf = {cancel_jmp_buf = {{jmp_buf = {140727074497312, 3955219528414130185, 140190190388800, 75, 140190522922960, 140727074497664, -3899299464332972023, -3899396448003952631}, mask_was_saved = 0}}, priv = {pad = {0x0, 0x0, 0x0, 0x0}, data = {prev = 0x0, cleanup = 0x0, canceltype = 0}}}
        not_first_call = <optimized out>
#9  0x00007f80a65af850 in clone3 () at ../sysdeps/unix/sysv/linux/x86_64/clone3.S:81
No locals.

Thread 4 (Thread 0x7f8092ffd640 (LWP 1126) "arduplane"):
#0  __futex_abstimed_wait_common64 (private=0, cancel=true, abstime=0x0, op=393, expected=0, futex_word=0x5609eb630f7c) at ./nptl/futex-internal.c:57
        sc_cancel_oldtype = 0
        sc_ret = <optimized out>
        resultvar = <optimized out>
        __arg6 = <optimized out>
        __arg5 = <optimized out>
        __arg4 = <optimized out>
        __arg3 = <optimized out>
        __arg2 = <optimized out>
        __arg1 = <optimized out>
        _a6 = <optimized out>
        _a5 = <optimized out>
        _a4 = <optimized out>
        _a3 = <optimized out>
        _a2 = <optimized out>
        _a1 = <optimized out>
#1  __futex_abstimed_wait_common (cancel=true, private=0, abstime=0x0, clockid=0, expected=0, futex_word=0x5609eb630f7c) at ./nptl/futex-internal.c:87
        err = <optimized out>
        clockbit = 256
        op = 393
        err = <optimized out>
        clockbit = <optimized out>
        op = <optimized out>
#2  __GI___futex_abstimed_wait_cancelable64 (futex_word=futex_word@entry=0x5609eb630f7c, expected=expected@entry=0, clockid=clockid@entry=0, abstime=abstime@entry=0x0, private=private@entry=0) at ./nptl/futex-internal.c:139
No locals.
#3  0x00007f80a651ca41 in __pthread_cond_wait_common (abstime=0x0, clockid=0, mutex=0x5609eb59c3b0, cond=0x5609eb630f50) at ./nptl/pthread_cond_wait.c:503
        spin = 0
        buffer = {__routine = 0x7f80a651c720 <__condvar_cleanup_waiting>, __arg = 0x7f8092ffcd20, __canceltype = 0, __prev = 0x0}
        cbuffer = {wseq = 9, cond = 0x5609eb630f50, mutex = 0x5609eb59c3b0, private = 0}
        err = <optimized out>
        g = 1
        flags = <optimized out>
        g1_start = <optimized out>
        maxspin = 0
        signals = <optimized out>
        result = 0
        wseq = 9
        seq = 4
        private = 0
        maxspin = <optimized out>
        err = <optimized out>
        result = <optimized out>
        wseq = <optimized out>
        g = <optimized out>
        seq = <optimized out>
        flags = <optimized out>
        private = <optimized out>
        signals = <optimized out>
        done = <optimized out>
        g1_start = <optimized out>
        spin = <optimized out>
        buffer = <optimized out>
        cbuffer = <optimized out>
        s = <optimized out>
#4  ___pthread_cond_wait (cond=0x5609eb630f50, mutex=0x5609eb59c3b0) at ./nptl/pthread_cond_wait.c:627
No locals.
#5  0x00007f809a61b74f in ?? () from /usr/lib/wsl/lib/libd3d12core.so
No symbol table info available.
#6  0x00007f809a96662b in ?? () from /usr/lib/wsl/lib/libd3d12core.so
No symbol table info available.
#7  0x00007f809a966e0b in ?? () from /usr/lib/wsl/lib/libd3d12core.so
No symbol table info available.
#8  0x00007f80a651dac3 in start_thread (arg=<optimized out>) at ./nptl/pthread_create.c:442
        ret = <optimized out>
        pd = <optimized out>
        out = <optimized out>
        unwind_buf = {cancel_jmp_buf = {{jmp_buf = {140727074497312, 3955219528414130185, 140190198781504, 75, 140190522922960, 140727074497664, -3899300567602696183, -3899396448003952631}, mask_was_saved = 0}}, priv = {pad = {0x0, 0x0, 0x0, 0x0}, data = {prev = 0x0, cleanup = 0x0, canceltype = 0}}}
        not_first_call = <optimized out>
#9  0x00007f80a65af850 in clone3 () at ../sysdeps/unix/sysv/linux/x86_64/clone3.S:81
No locals.

Thread 3 (Thread 0x7f80937fe640 (LWP 1125) "arduplane"):
#0  __futex_abstimed_wait_common64 (private=0, cancel=true, abstime=0x0, op=393, expected=0, futex_word=0x5609eb630f7c) at ./nptl/futex-internal.c:57
        sc_cancel_oldtype = 0
        sc_ret = <optimized out>
        resultvar = <optimized out>
        __arg6 = <optimized out>
        __arg5 = <optimized out>
        __arg4 = <optimized out>
        __arg3 = <optimized out>
        __arg2 = <optimized out>
        __arg1 = <optimized out>
        _a6 = <optimized out>
        _a5 = <optimized out>
        _a4 = <optimized out>
        _a3 = <optimized out>
        _a2 = <optimized out>
        _a1 = <optimized out>
#1  __futex_abstimed_wait_common (cancel=true, private=0, abstime=0x0, clockid=0, expected=0, futex_word=0x5609eb630f7c) at ./nptl/futex-internal.c:87
        err = <optimized out>
        clockbit = 256
        op = 393
        err = <optimized out>
        clockbit = <optimized out>
        op = <optimized out>
#2  __GI___futex_abstimed_wait_cancelable64 (futex_word=futex_word@entry=0x5609eb630f7c, expected=expected@entry=0, clockid=clockid@entry=0, abstime=abstime@entry=0x0, private=private@entry=0) at ./nptl/futex-internal.c:139
No locals.
#3  0x00007f80a651ca41 in __pthread_cond_wait_common (abstime=0x0, clockid=0, mutex=0x5609eb59c3b0, cond=0x5609eb630f50) at ./nptl/pthread_cond_wait.c:503
        spin = 0
        buffer = {__routine = 0x7f80a651c720 <__condvar_cleanup_waiting>, __arg = 0x7f80937fdd20, __canceltype = 0, __prev = 0x0}
        cbuffer = {wseq = 11, cond = 0x5609eb630f50, mutex = 0x5609eb59c3b0, private = 0}
        err = <optimized out>
        g = 1
        flags = <optimized out>
        g1_start = <optimized out>
        maxspin = 0
        signals = <optimized out>
        result = 0
        wseq = 11
        seq = 5
        private = 0
        maxspin = <optimized out>
        err = <optimized out>
        result = <optimized out>
        wseq = <optimized out>
        g = <optimized out>
        seq = <optimized out>
        flags = <optimized out>
        private = <optimized out>
        signals = <optimized out>
        done = <optimized out>
        g1_start = <optimized out>
        spin = <optimized out>
        buffer = <optimized out>
        cbuffer = <optimized out>
        s = <optimized out>
#4  ___pthread_cond_wait (cond=0x5609eb630f50, mutex=0x5609eb59c3b0) at ./nptl/pthread_cond_wait.c:627
No locals.
#5  0x00007f809a61b74f in ?? () from /usr/lib/wsl/lib/libd3d12core.so
No symbol table info available.
#6  0x00007f809a96662b in ?? () from /usr/lib/wsl/lib/libd3d12core.so
No symbol table info available.
#7  0x00007f809a966e0b in ?? () from /usr/lib/wsl/lib/libd3d12core.so
No symbol table info available.
#8  0x00007f80a651dac3 in start_thread (arg=<optimized out>) at ./nptl/pthread_create.c:442
        ret = <optimized out>
        pd = <optimized out>
        out = <optimized out>
        unwind_buf = {cancel_jmp_buf = {{jmp_buf = {140727074497312, 3955219528414130185, 140190207174208, 75, 140190522922960, 140727074497664, -3899301666577453047, -3899396448003952631}, mask_was_saved = 0}}, priv = {pad = {0x0, 0x0, 0x0, 0x0}, data = {prev = 0x0, cleanup = 0x0, canceltype = 0}}}
        not_first_call = <optimized out>
#9  0x00007f80a65af850 in clone3 () at ../sysdeps/unix/sysv/linux/x86_64/clone3.S:81
No locals.

Thread 2 (Thread 0x7f8093fff640 (LWP 1124) "arduplane"):
#0  __futex_abstimed_wait_common64 (private=0, cancel=true, abstime=0x0, op=393, expected=0, futex_word=0x5609eb630f7c) at ./nptl/futex-internal.c:57
        sc_cancel_oldtype = 0
        sc_ret = <optimized out>
        resultvar = <optimized out>
        __arg6 = <optimized out>
        __arg5 = <optimized out>
        __arg4 = <optimized out>
        __arg3 = <optimized out>
        __arg2 = <optimized out>
        __arg1 = <optimized out>
        _a6 = <optimized out>
        _a5 = <optimized out>
        _a4 = <optimized out>
        _a3 = <optimized out>
        _a2 = <optimized out>
        _a1 = <optimized out>
#1  __futex_abstimed_wait_common (cancel=true, private=0, abstime=0x0, clockid=0, expected=0, futex_word=0x5609eb630f7c) at ./nptl/futex-internal.c:87
        err = <optimized out>
        clockbit = 256
        op = 393
        err = <optimized out>
        clockbit = <optimized out>
        op = <optimized out>
#2  __GI___futex_abstimed_wait_cancelable64 (futex_word=futex_word@entry=0x5609eb630f7c, expected=expected@entry=0, clockid=clockid@entry=0, abstime=abstime@entry=0x0, private=private@entry=0) at ./nptl/futex-internal.c:139
No locals.
#3  0x00007f80a651ca41 in __pthread_cond_wait_common (abstime=0x0, clockid=0, mutex=0x5609eb59c3b0, cond=0x5609eb630f50) at ./nptl/pthread_cond_wait.c:503
        spin = 0
        buffer = {__routine = 0x7f80a651c720 <__condvar_cleanup_waiting>, __arg = 0x7f8093ffed20, __canceltype = 0, __prev = 0x0}
        cbuffer = {wseq = 13, cond = 0x5609eb630f50, mutex = 0x5609eb59c3b0, private = 0}
        err = <optimized out>
        g = 1
        flags = <optimized out>
        g1_start = <optimized out>
        maxspin = 0
        signals = <optimized out>
        result = 0
        wseq = 13
        seq = 6
        private = 0
        maxspin = <optimized out>
        err = <optimized out>
        result = <optimized out>
        wseq = <optimized out>
        g = <optimized out>
        seq = <optimized out>
        flags = <optimized out>
        private = <optimized out>
        signals = <optimized out>
        done = <optimized out>
        g1_start = <optimized out>
        spin = <optimized out>
        buffer = <optimized out>
        cbuffer = <optimized out>
        s = <optimized out>
#4  ___pthread_cond_wait (cond=0x5609eb630f50, mutex=0x5609eb59c3b0) at ./nptl/pthread_cond_wait.c:627
No locals.
#5  0x00007f809a61b74f in ?? () from /usr/lib/wsl/lib/libd3d12core.so
No symbol table info available.
#6  0x00007f809a96662b in ?? () from /usr/lib/wsl/lib/libd3d12core.so
No symbol table info available.
#7  0x00007f809a966e0b in ?? () from /usr/lib/wsl/lib/libd3d12core.so
No symbol table info available.
#8  0x00007f80a651dac3 in start_thread (arg=<optimized out>) at ./nptl/pthread_create.c:442
        ret = <optimized out>
        pd = <optimized out>
        out = <optimized out>
        unwind_buf = {cancel_jmp_buf = {{jmp_buf = {140727074497312, 3955219528414130185, 140190215566912, 75, 140190522922960, 140727074497664, -3899302765552209911, -3899396448003952631}, mask_was_saved = 0}}, priv = {pad = {0x0, 0x0, 0x0, 0x0}, data = {prev = 0x0, cleanup = 0x0, canceltype = 0}}}
        not_first_call = <optimized out>
#9  0x00007f80a65af850 in clone3 () at ../sysdeps/unix/sysv/linux/x86_64/clone3.S:81
No locals.

Thread 1 (Thread 0x7f80a5fc6bc0 (LWP 1116) "arduplane"):
#0  0x00007f80a656e7f8 in __GI___clock_nanosleep (clock_id=clock_id@entry=0, flags=flags@entry=0, req=req@entry=0x7ffd934939b0, rem=rem@entry=0x0) at ../sysdeps/unix/sysv/linux/clock_nanosleep.c:78
        sc_cancel_oldtype = 0
        sc_ret = <optimized out>
        r = <optimized out>
#1  0x00007f80a6573677 in __GI___nanosleep (req=req@entry=0x7ffd934939b0, rem=rem@entry=0x0) at ../sysdeps/unix/sysv/linux/nanosleep.c:25
        ret = <optimized out>
#2  0x00007f80a65a4f2f in usleep (useconds=<optimized out>) at ../sysdeps/posix/usleep.c:31
        ts = {tv_sec = 0, tv_nsec = 5457000}
#3  0x00005609b420bacf in SITL::Aircraft::sync_frame_time() ()
No symbol table info available.
#4  0x00005609b422bc54 in SITL::QuadPlane::update(sitl_input const&) ()
No symbol table info available.
#5  0x00005609b41fee1a in HALSITL::SITL_State::_fdm_input_local() [clone .part.0] ()
No symbol table info available.
#6  0x00005609b41ff127 in HALSITL::SITL_State::_fdm_input_step() ()
No symbol table info available.
#7  0x00005609b41ff297 in HALSITL::SITL_State::wait_clock(unsigned long) ()
No symbol table info available.
#8  0x00005609b4201dec in HALSITL::Scheduler::delay(unsigned short) ()
No symbol table info available.
#9  0x00005609b408edfe in AP_Baro::calibrate(bool) ()
No symbol table info available.
#10 0x00005609b407c736 in Plane::init_ardupilot() ()
No symbol table info available.
#11 0x00005609b412e8f6 in AP_Vehicle::setup() ()
No symbol table info available.
#12 0x00005609b41fc66d in HAL_SITL::run(int, char* const*, AP_HAL::HAL::Callbacks*) const ()
No symbol table info available.
#13 0x00005609b4050034 in main ()
No symbol table info available.
A debugging session is active.

	Inferior 1 [process 1116] will be detached.

Quit anyway? (y or n) [answered Y; input not from terminal]
[Inferior 1 (process 1116) detached]
