[Thread debugging using libthread_db enabled]
Using host libthread_db library "/lib/x86_64-linux-gnu/libthread_db.so.1".
0x00007f5d25fe73ea in __GI___wait4 (pid=335211, stat_loc=stat_loc@entry=0x7ffc58759e78, options=options@entry=0, usage=usage@entry=0x0) at ../sysdeps/unix/sysv/linux/wait4.c:30
30	../sysdeps/unix/sysv/linux/wait4.c: No such file or directory.
#0  0x00007f5d25fe73ea in __GI___wait4 (pid=335211, stat_loc=stat_loc@entry=0x7ffc58759e78, options=options@entry=0, usage=usage@entry=0x0) at ../sysdeps/unix/sysv/linux/wait4.c:30
        sc_ret = -512
        sc_ret = <optimized out>
#1  0x00007f5d25fe73ab in __GI___waitpid (pid=<optimized out>, stat_loc=stat_loc@entry=0x7ffc58759e78, options=options@entry=0) at ./posix/waitpid.c:38
No locals.
#2  0x00007f5d25f4dbdb in do_system (line=<optimized out>) at ../sysdeps/posix/system.c:171
        __result = <optimized out>
        _cleanup_start_doit = true
        _buffer = {__routine = 0x7f5d25f4dc60 <cancel_handler>, __arg = 0x7ffc58759e80, __canceltype = 0, __prev = 0x0}
        _cleanup_routine = 0x7f5d25f4dc60 <cancel_handler>
        cancel_args = {quit = 0x7f5d261197a0 <quit>, intr = 0x7f5d26119840 <intr>, pid = 335211}
        status = -1
        ret = 0
        pid = 335211
        sa = {__sigaction_handler = {sa_handler = 0x1, sa_sigaction = 0x1}, sa_mask = {__val = {65536, 0, 0, 0, 0, 0, 0, 0, 0, 2141192192, 0, 18446744073709551615, 0, 18446744073709551615, 0, 18446744073709551615}}, sa_flags = 0, sa_restorer = 0x7fa00000ffffffff}
        omask = {__val = {0, 9196350441231745024, 9196350441231745024, 9196350441231745024, 9196350441231745024, 9196350441231745024, 9196350441231745024, 9196350441231745024, 9196350441231745024, 9196350441231745024, 9196350441231745024, 140721792590800, 3616445704852186263, 2911555113596224256, 140721792590800, 2}}
        reset = {__val = {6, 199, 140721792589728, 94061065396745, 140721792590112, 140038045717658, 140721792590128, 140721792589968, 140724530937857, 140721792590800, 140721792590800, 140721792590800, 140721792590800, 140721792590876, 140721792590999, 140721792590800}}
        spawn_attr = {__flags = 12, __pgrp = 0, __sd = {__val = {6, 199, 140721792589728, 94061065396745, 140721792590112, 140038045717658, 140721792590128, 140721792589968, 140724530937857, 140721792590800, 140721792590800, 140721792590800, 140721792590800, 140721792590876, 140721792590999, 140721792590800}}, __ss = {__val = {0, 9196350441231745024, 9196350441231745024, 9196350441231745024, 9196350441231745024, 9196350441231745024, 9196350441231745024, 9196350441231745024, 9196350441231745024, 9196350441231745024, 9196350441231745024, 140721792590800, 3616445704852186263, 2911555113596224256, 140721792590800, 2}}, __sp = {sched_priority = 0}, __policy = 0, __pad = {0 <repeats 16 times>}}
#3  0x0000558c4c50f88d in AP_HAL::run_command_on_ownpid(char const*) ()
No symbol table info available.
#4  0x0000558c4c50fb96 in AP_HAL::panic(char const*, ...) ()
No symbol table info available.
#5  0x0000558c4c422a2e in AP_Param::check_group_info(AP_Param::GroupInfo const*, unsigned short*, unsigned char, unsigned char) ()
No symbol table info available.
#6  0x0000558c4c422bdc in AP_Param::check_var_info() ()
No symbol table info available.
#7  0x0000558c4c43ba04 in AP_Vehicle::setup() ()
No symbol table info available.
#8  0x0000558c4c508c6d in HAL_SITL::run(int, char* const*, AP_HAL::HAL::Callbacks*) const ()
No symbol table info available.
#9  0x0000558c4c35dcd4 in main ()
No symbol table info available.

Thread 1 (Thread 0x7f5d25ef8740 (LWP 335202) "arduplane"):
#0  0x00007f5d25fe73ea in __GI___wait4 (pid=335211, stat_loc=stat_loc@entry=0x7ffc58759e78, options=options@entry=0, usage=usage@entry=0x0) at ../sysdeps/unix/sysv/linux/wait4.c:30
        sc_ret = -512
        sc_ret = <optimized out>
#1  0x00007f5d25fe73ab in __GI___waitpid (pid=<optimized out>, stat_loc=stat_loc@entry=0x7ffc58759e78, options=options@entry=0) at ./posix/waitpid.c:38
No locals.
#2  0x00007f5d25f4dbdb in do_system (line=<optimized out>) at ../sysdeps/posix/system.c:171
        __result = <optimized out>
        _cleanup_start_doit = true
        _buffer = {__routine = 0x7f5d25f4dc60 <cancel_handler>, __arg = 0x7ffc58759e80, __canceltype = 0, __prev = 0x0}
        _cleanup_routine = 0x7f5d25f4dc60 <cancel_handler>
        cancel_args = {quit = 0x7f5d261197a0 <quit>, intr = 0x7f5d26119840 <intr>, pid = 335211}
        status = -1
        ret = 0
        pid = 335211
        sa = {__sigaction_handler = {sa_handler = 0x1, sa_sigaction = 0x1}, sa_mask = {__val = {65536, 0, 0, 0, 0, 0, 0, 0, 0, 2141192192, 0, 18446744073709551615, 0, 18446744073709551615, 0, 18446744073709551615}}, sa_flags = 0, sa_restorer = 0x7fa00000ffffffff}
        omask = {__val = {0, 9196350441231745024, 9196350441231745024, 9196350441231745024, 9196350441231745024, 9196350441231745024, 9196350441231745024, 9196350441231745024, 9196350441231745024, 9196350441231745024, 9196350441231745024, 140721792590800, 3616445704852186263, 2911555113596224256, 140721792590800, 2}}
        reset = {__val = {6, 199, 140721792589728, 94061065396745, 140721792590112, 140038045717658, 140721792590128, 140721792589968, 140724530937857, 140721792590800, 140721792590800, 140721792590800, 140721792590800, 140721792590876, 140721792590999, 140721792590800}}
        spawn_attr = {__flags = 12, __pgrp = 0, __sd = {__val = {6, 199, 140721792589728, 94061065396745, 140721792590112, 140038045717658, 140721792590128, 140721792589968, 140724530937857, 140721792590800, 140721792590800, 140721792590800, 140721792590800, 140721792590876, 140721792590999, 140721792590800}}, __ss = {__val = {0, 9196350441231745024, 9196350441231745024, 9196350441231745024, 9196350441231745024, 9196350441231745024, 9196350441231745024, 9196350441231745024, 9196350441231745024, 9196350441231745024, 9196350441231745024, 140721792590800, 3616445704852186263, 2911555113596224256, 140721792590800, 2}}, __sp = {sched_priority = 0}, __policy = 0, __pad = {0 <repeats 16 times>}}
#3  0x0000558c4c50f88d in AP_HAL::run_command_on_ownpid(char const*) ()
No symbol table info available.
#4  0x0000558c4c50fb96 in AP_HAL::panic(char const*, ...) ()
No symbol table info available.
#5  0x0000558c4c422a2e in AP_Param::check_group_info(AP_Param::GroupInfo const*, unsigned short*, unsigned char, unsigned char) ()
No symbol table info available.
#6  0x0000558c4c422bdc in AP_Param::check_var_info() ()
No symbol table info available.
#7  0x0000558c4c43ba04 in AP_Vehicle::setup() ()
No symbol table info available.
#8  0x0000558c4c508c6d in HAL_SITL::run(int, char* const*, AP_HAL::HAL::Callbacks*) const ()
No symbol table info available.
#9  0x0000558c4c35dcd4 in main ()
No symbol table info available.
A debugging session is active.

	Inferior 1 [process 335202] will be detached.

Quit anyway? (y or n) [answered Y; input not from terminal]
[Inferior 1 (process 335202) detached]
