[Thread debugging using libthread_db enabled]
Using host libthread_db library "/lib/x86_64-linux-gnu/libthread_db.so.1".
0x00007f00237203ea in __GI___wait4 (pid=334035, stat_loc=stat_loc@entry=0x7fff99ce3c18, options=options@entry=0, usage=usage@entry=0x0) at ../sysdeps/unix/sysv/linux/wait4.c:30
30	../sysdeps/unix/sysv/linux/wait4.c: No such file or directory.
#0  0x00007f00237203ea in __GI___wait4 (pid=334035, stat_loc=stat_loc@entry=0x7fff99ce3c18, options=options@entry=0, usage=usage@entry=0x0) at ../sysdeps/unix/sysv/linux/wait4.c:30
        sc_ret = -512
        sc_ret = <optimized out>
#1  0x00007f00237203ab in __GI___waitpid (pid=<optimized out>, stat_loc=stat_loc@entry=0x7fff99ce3c18, options=options@entry=0) at ./posix/waitpid.c:38
No locals.
#2  0x00007f0023686bdb in do_system (line=<optimized out>) at ../sysdeps/posix/system.c:171
        __result = <optimized out>
        _cleanup_start_doit = true
        _buffer = {__routine = 0x7f0023686c60 <cancel_handler>, __arg = 0x7fff99ce3c20, __canceltype = 0, __prev = 0x0}
        _cleanup_routine = 0x7f0023686c60 <cancel_handler>
        cancel_args = {quit = 0x7f00238527a0 <quit>, intr = 0x7f0023852840 <intr>, pid = 334035}
        status = -1
        ret = 0
        pid = 334035
        sa = {__sigaction_handler = {sa_handler = 0x1, sa_sigaction = 0x1}, sa_mask = {__val = {65536, 0, 0, 0, 0, 0, 0, 0, 0, 2141192192, 0, 18446744073709551615, 0, 18446744073709551615, 0, 18446744073709551615}}, sa_flags = 0, sa_restorer = 0x7fa00000ffffffff}
        omask = {__val = {0, 9196350441231745024, 9196350441231745024, 9196350441231745024, 9196350441231745024, 9196350441231745024, 9196350441231745024, 9196350441231745024, 9196350441231745024, 9196350441231745024, 9196350441231745024, 140735773819248, 3761121639563215415, 10120538281638894592, 140735773819248, 2}}
        reset = {__val = {6, 199, 140735773818176, 94115113034249, 140735773818560, 139638571000986, 140735773818576, 140735773818416, 140737415839745, 140735773819248, 140735773819248, 140735773819248, 140735773819248, 140735773819324, 140735773819447, 140735773819248}}
        spawn_attr = {__flags = 12, __pgrp = 0, __sd = {__val = {6, 199, 140735773818176, 94115113034249, 140735773818560, 139638571000986, 140735773818576, 140735773818416, 140737415839745, 140735773819248, 140735773819248, 140735773819248, 140735773819248, 140735773819324, 140735773819447, 140735773819248}}, __ss = {__val = {0, 9196350441231745024, 9196350441231745024, 9196350441231745024, 9196350441231745024, 9196350441231745024, 9196350441231745024, 9196350441231745024, 9196350441231745024, 9196350441231745024, 9196350441231745024, 140735773819248, 3761121639563215415, 10120538281638894592, 140735773819248, 2}}, __sp = {sched_priority = 0}, __policy = 0, __pad = {0 <repeats 16 times>}}
#3  0x00005598e1ce788d in AP_HAL::run_command_on_ownpid(char const*) ()
No symbol table info available.
#4  0x00005598e1ce7b96 in AP_HAL::panic(char const*, ...) ()
No symbol table info available.
#5  0x00005598e1bfaa2e in AP_Param::check_group_info(AP_Param::GroupInfo const*, unsigned short*, unsigned char, unsigned char) ()
No symbol table info available.
#6  0x00005598e1bfabdc in AP_Param::check_var_info() ()
No symbol table info available.
#7  0x00005598e1c13a04 in AP_Vehicle::setup() ()
No symbol table info available.
#8  0x00005598e1ce0c6d in HAL_SITL::run(int, char* const*, AP_HAL::HAL::Callbacks*) const ()
No symbol table info available.
#9  0x00005598e1b35cd4 in main ()
No symbol table info available.

Thread 1 (Thread 0x7f0023631740 (LWP 334024) "arduplane"):
#0  0x00007f00237203ea in __GI___wait4 (pid=334035, stat_loc=stat_loc@entry=0x7fff99ce3c18, options=options@entry=0, usage=usage@entry=0x0) at ../sysdeps/unix/sysv/linux/wait4.c:30
        sc_ret = -512
        sc_ret = <optimized out>
#1  0x00007f00237203ab in __GI___waitpid (pid=<optimized out>, stat_loc=stat_loc@entry=0x7fff99ce3c18, options=options@entry=0) at ./posix/waitpid.c:38
No locals.
#2  0x00007f0023686bdb in do_system (line=<optimized out>) at ../sysdeps/posix/system.c:171
        __result = <optimized out>
        _cleanup_start_doit = true
        _buffer = {__routine = 0x7f0023686c60 <cancel_handler>, __arg = 0x7fff99ce3c20, __canceltype = 0, __prev = 0x0}
        _cleanup_routine = 0x7f0023686c60 <cancel_handler>
        cancel_args = {quit = 0x7f00238527a0 <quit>, intr = 0x7f0023852840 <intr>, pid = 334035}
        status = -1
        ret = 0
        pid = 334035
        sa = {__sigaction_handler = {sa_handler = 0x1, sa_sigaction = 0x1}, sa_mask = {__val = {65536, 0, 0, 0, 0, 0, 0, 0, 0, 2141192192, 0, 18446744073709551615, 0, 18446744073709551615, 0, 18446744073709551615}}, sa_flags = 0, sa_restorer = 0x7fa00000ffffffff}
        omask = {__val = {0, 9196350441231745024, 9196350441231745024, 9196350441231745024, 9196350441231745024, 9196350441231745024, 9196350441231745024, 9196350441231745024, 9196350441231745024, 9196350441231745024, 9196350441231745024, 140735773819248, 3761121639563215415, 10120538281638894592, 140735773819248, 2}}
        reset = {__val = {6, 199, 140735773818176, 94115113034249, 140735773818560, 139638571000986, 140735773818576, 140735773818416, 140737415839745, 140735773819248, 140735773819248, 140735773819248, 140735773819248, 140735773819324, 140735773819447, 140735773819248}}
        spawn_attr = {__flags = 12, __pgrp = 0, __sd = {__val = {6, 199, 140735773818176, 94115113034249, 140735773818560, 139638571000986, 140735773818576, 140735773818416, 140737415839745, 140735773819248, 140735773819248, 140735773819248, 140735773819248, 140735773819324, 140735773819447, 140735773819248}}, __ss = {__val = {0, 9196350441231745024, 9196350441231745024, 9196350441231745024, 9196350441231745024, 9196350441231745024, 9196350441231745024, 9196350441231745024, 9196350441231745024, 9196350441231745024, 9196350441231745024, 140735773819248, 3761121639563215415, 10120538281638894592, 140735773819248, 2}}, __sp = {sched_priority = 0}, __policy = 0, __pad = {0 <repeats 16 times>}}
#3  0x00005598e1ce788d in AP_HAL::run_command_on_ownpid(char const*) ()
No symbol table info available.
#4  0x00005598e1ce7b96 in AP_HAL::panic(char const*, ...) ()
No symbol table info available.
#5  0x00005598e1bfaa2e in AP_Param::check_group_info(AP_Param::GroupInfo const*, unsigned short*, unsigned char, unsigned char) ()
No symbol table info available.
#6  0x00005598e1bfabdc in AP_Param::check_var_info() ()
No symbol table info available.
#7  0x00005598e1c13a04 in AP_Vehicle::setup() ()
No symbol table info available.
#8  0x00005598e1ce0c6d in HAL_SITL::run(int, char* const*, AP_HAL::HAL::Callbacks*) const ()
No symbol table info available.
#9  0x00005598e1b35cd4 in main ()
No symbol table info available.
A debugging session is active.

	Inferior 1 [process 334024] will be detached.

Quit anyway? (y or n) [answered Y; input not from terminal]
[Inferior 1 (process 334024) detached]
