[New LWP 13750]
[New LWP 13751]
[New LWP 13752]
[New LWP 13753]
[New LWP 13755]
[New LWP 13756]
[New LWP 13757]
[New LWP 13759]
[New LWP 13762]
[Thread debugging using libthread_db enabled]
Using host libthread_db library "/lib/x86_64-linux-gnu/libthread_db.so.1".
0x00007f0534b7e7f8 in __GI___clock_nanosleep (clock_id=clock_id@entry=0, flags=flags@entry=0, req=req@entry=0x7ffde91fc100, rem=rem@entry=0x0) at ../sysdeps/unix/sysv/linux/clock_nanosleep.c:78
78	../sysdeps/unix/sysv/linux/clock_nanosleep.c: No such file or directory.
#0  0x00007f0534b7e7f8 in __GI___clock_nanosleep (clock_id=clock_id@entry=0, flags=flags@entry=0, req=req@entry=0x7ffde91fc100, rem=rem@entry=0x0) at ../sysdeps/unix/sysv/linux/clock_nanosleep.c:78
        sc_cancel_oldtype = 0
        sc_ret = <optimized out>
        r = <optimized out>
#1  0x00007f0534b83677 in __GI___nanosleep (req=req@entry=0x7ffde91fc100, rem=rem@entry=0x0) at ../sysdeps/unix/sysv/linux/nanosleep.c:25
        ret = <optimized out>
#2  0x00007f0534bb4f2f in usleep (useconds=<optimized out>) at ../sysdeps/posix/usleep.c:31
        ts = {tv_sec = 0, tv_nsec = 5543000}
#3  0x000055938b42eacf in SITL::Aircraft::sync_frame_time() ()
No symbol table info available.
#4  0x000055938b44ec54 in SITL::QuadPlane::update(sitl_input const&) ()
No symbol table info available.
#5  0x000055938b421e1a in HALSITL::SITL_State::_fdm_input_local() [clone .part.0] ()
No symbol table info available.
#6  0x000055938b422127 in HALSITL::SITL_State::_fdm_input_step() ()
No symbol table info available.
#7  0x000055938b422297 in HALSITL::SITL_State::wait_clock(unsigned long) ()
No symbol table info available.
#8  0x000055938b424dec in HALSITL::Scheduler::delay(unsigned short) ()
No symbol table info available.
#9  0x000055938b2b1dfe in AP_Baro::calibrate(bool) ()
No symbol table info available.
#10 0x000055938b29f736 in Plane::init_ardupilot() ()
No symbol table info available.
#11 0x000055938b3518f6 in AP_Vehicle::setup() ()
No symbol table info available.
#12 0x000055938b41f66d in HAL_SITL::run(int, char* const*, AP_HAL::HAL::Callbacks*) const ()
No symbol table info available.
#13 0x000055938b273034 in main ()
No symbol table info available.

Thread 10 (Thread 0x7f051e1eb640 (LWP 13762) "FTP"):
#0  0x00007f0534b7e7f8 in __GI___clock_nanosleep (clock_id=clock_id@entry=0, flags=flags@entry=0, req=req@entry=0x7f051e1ea9f0, rem=rem@entry=0x0) at ../sysdeps/unix/sysv/linux/clock_nanosleep.c:78
        sc_cancel_oldtype = 0
        sc_ret = <optimized out>
        r = <optimized out>
#1  0x00007f0534b83677 in __GI___nanosleep (req=req@entry=0x7f051e1ea9f0, rem=rem@entry=0x0) at ../sysdeps/unix/sysv/linux/nanosleep.c:25
        ret = <optimized out>
#2  0x00007f0534bb4f2f in usleep (useconds=<optimized out>) at ../sysdeps/posix/usleep.c:31
        ts = {tv_sec = 0, tv_nsec = 1000000}
#3  0x000055938b42230a in HALSITL::SITL_State::wait_clock(unsigned long) ()
No symbol table info available.
#4  0x000055938b424dec in HALSITL::Scheduler::delay(unsigned short) ()
No symbol table info available.
#5  0x000055938b4f2540 in GCS_MAVLINK::ftp_worker() ()
No symbol table info available.
#6  0x000055938b4f2f6f in void Functor<void>::method_wrapper<GCS_MAVLINK, &GCS_MAVLINK::ftp_worker>(void*) ()
No symbol table info available.
#7  0x000055938b424804 in HALSITL::Scheduler::thread_create_trampoline(void*) ()
No symbol table info available.
#8  0x00007f0534b2dac3 in start_thread (arg=<optimized out>) at ./nptl/pthread_create.c:442
        ret = <optimized out>
        pd = <optimized out>
        out = <optimized out>
        unwind_buf = {cancel_jmp_buf = {{jmp_buf = {140728514624528, -3595212680878471047, 139659956893248, 11, 139660335699920, 140728514624880, 3463550826113550457, 3463642466048034937}, mask_was_saved = 0}}, priv = {pad = {0x0, 0x0, 0x0, 0x0}, data = {prev = 0x0, cleanup = 0x0, canceltype = 0}}}
        not_first_call = <optimized out>
#9  0x00007f0534bbf850 in clone3 () at ../sysdeps/unix/sysv/linux/x86_64/clone3.S:81
No locals.

Thread 9 (Thread 0x7f051e9ec640 (LWP 13759) "log_io"):
#0  0x00007f0534b7e7f8 in __GI___clock_nanosleep (clock_id=clock_id@entry=0, flags=flags@entry=0, req=req@entry=0x7f051e9ebc40, rem=rem@entry=0x0) at ../sysdeps/unix/sysv/linux/clock_nanosleep.c:78
        sc_cancel_oldtype = 0
        sc_ret = <optimized out>
        r = <optimized out>
#1  0x00007f0534b83677 in __GI___nanosleep (req=req@entry=0x7f051e9ebc40, rem=rem@entry=0x0) at ../sysdeps/unix/sysv/linux/nanosleep.c:25
        ret = <optimized out>
#2  0x00007f0534bb4f2f in usleep (useconds=<optimized out>) at ../sysdeps/posix/usleep.c:31
        ts = {tv_sec = 0, tv_nsec = 1000000}
#3  0x000055938b42230a in HALSITL::SITL_State::wait_clock(unsigned long) ()
No symbol table info available.
#4  0x000055938b424735 in HALSITL::Scheduler::delay_microseconds(unsigned short) ()
No symbol table info available.
#5  0x000055938b356bd4 in AP_Logger::io_thread() ()
No symbol table info available.
#6  0x000055938b356e7f in void Functor<void>::method_wrapper<AP_Logger, &AP_Logger::io_thread>(void*) ()
No symbol table info available.
#7  0x000055938b424804 in HALSITL::Scheduler::thread_create_trampoline(void*) ()
No symbol table info available.
#8  0x00007f0534b2dac3 in start_thread (arg=<optimized out>) at ./nptl/pthread_create.c:442
        ret = <optimized out>
        pd = <optimized out>
        out = <optimized out>
        unwind_buf = {cancel_jmp_buf = {{jmp_buf = {140728514625760, -3595212680878471047, 139659965285952, 11, 139660335699920, 140728514626112, 3463549726065051769, 3463642466048034937}, mask_was_saved = 0}}, priv = {pad = {0x0, 0x0, 0x0, 0x0}, data = {prev = 0x0, cleanup = 0x0, canceltype = 0}}}
        not_first_call = <optimized out>
#9  0x00007f0534bbf850 in clone3 () at ../sysdeps/unix/sysv/linux/x86_64/clone3.S:81
No locals.

Thread 8 (Thread 0x7f051f1ed640 (LWP 13757) "OSD"):
#0  0x00007f0534b8342f in __GI___wait4 (pid=13758, stat_loc=stat_loc@entry=0x7f051f1eb648, options=options@entry=0, usage=usage@entry=0x0) at ../sysdeps/unix/sysv/linux/wait4.c:30
        sc_ret = -512
        sc_cancel_oldtype = 0
        sc_ret = <optimized out>
#1  0x00007f0534b833ab in __GI___waitpid (pid=<optimized out>, stat_loc=stat_loc@entry=0x7f051f1eb648, options=options@entry=0) at ./posix/waitpid.c:38
No locals.
#2  0x00007f0534ae9bdb in do_system (line=<optimized out>) at ../sysdeps/posix/system.c:171
        __result = <optimized out>
        _cleanup_start_doit = true
        _buffer = {__routine = 0x7f0534ae9c60 <cancel_handler>, __arg = 0x7f051f1eb650, __canceltype = 0, __prev = 0x0}
        _cleanup_routine = 0x7f0534ae9c60 <cancel_handler>
        cancel_args = {quit = 0x7f0534cb57a0 <quit>, intr = 0x7f0534cb5840 <intr>, pid = 13758}
        status = -1
        ret = 0
        pid = 13758
        sa = {__sigaction_handler = {sa_handler = 0x1, sa_sigaction = 0x1}, sa_mask = {__val = {65536, 0, 0, 0, 0, 549755813888, 0, 549755813888, 0, 549755813888, 0, 18446744073709551615, 0, 18446744073709551615, 0, 18446744073709551615}}, sa_flags = 0, sa_restorer = 0xffffffff}
        omask = {__val = {1024, 0, 0, 0, 0, 0, 0, 0, 0, 0, 0, 139659973671840, 3545519499654380647, 10172096932259120384, 139659973671840, 2}}
        reset = {__val = {6, 199, 139659973670768, 94092186194665, 139659973671152, 139660335649946, 139659973671168, 139659973671008, 139663674015745, 139659973671840, 139659973671840, 139659973671840, 139659973671840, 139659973671914, 139659973672039, 139659973671840}}
        spawn_attr = {__flags = 12, __pgrp = 0, __sd = {__val = {6, 199, 139659973670768, 94092186194665, 139659973671152, 139660335649946, 139659973671168, 139659973671008, 139663674015745, 139659973671840, 139659973671840, 139659973671840, 139659973671840, 139659973671914, 139659973672039, 139659973671840}}, __ss = {__val = {1024, 0, 0, 0, 0, 0, 0, 0, 0, 0, 0, 139659973671840, 3545519499654380647, 10172096932259120384, 139659973671840, 2}}, __sp = {sched_priority = 0}, __policy = 0, __pad = {0 <repeats 16 times>}}
#3  0x000055938b42628d in AP_HAL::run_command_on_ownpid(char const*) ()
No symbol table info available.
#4  0x000055938b426acc in _sig_segv(int) ()
No symbol table info available.
#5  <signal handler called>
No locals.
#6  0x000055938b3fe89f in AP_OSD::osd_thread() ()
No symbol table info available.
#7  0x000055938b3fedcf in void Functor<void>::method_wrapper<AP_OSD, &AP_OSD::osd_thread>(void*) ()
No symbol table info available.
#8  0x000055938b424804 in HALSITL::Scheduler::thread_create_trampoline(void*) ()
No symbol table info available.
#9  0x00007f0534b2dac3 in start_thread (arg=<optimized out>) at ./nptl/pthread_create.c:442
        ret = <optimized out>
        pd = <optimized out>
        out = <optimized out>
        unwind_buf = {cancel_jmp_buf = {{jmp_buf = {140728514625760, -3595212680878471047, 139659973678656, 11, 139660335699920, 140728514626112, 3463553028358031481, 3463642466048034937}, mask_was_saved = 0}}, priv = {pad = {0x0, 0x0, 0x0, 0x0}, data = {prev = 0x0, cleanup = 0x0, canceltype = 0}}}
        not_first_call = <optimized out>
#10 0x00007f0534bbf850 in clone3 () at ../sysdeps/unix/sysv/linux/x86_64/clone3.S:81
No locals.

Thread 7 (Thread 0x7f051f9ee640 (LWP 13756) "arduplane"):
#0  __GI___ioctl (fd=14, request=3225962246) at ../sysdeps/unix/sysv/linux/ioctl.c:36
        args = {{gp_offset = 16, fp_offset = 0, overflow_arg_area = 0x7f051f9eb740, reg_save_area = 0x7f051f9eb700}}
        arg = <optimized out>
        r = 0
#1  0x00007f05290cad5c in D3DKMTCreateAllocation2 () from /usr/lib/wsl/lib/libdxcore.so
No symbol table info available.
#2  0x00007f0528d7559c in ?? () from /usr/lib/wsl/lib/libd3d12core.so
No symbol table info available.
#3  0x00007f0527e7a9ef in ?? () from /usr/lib/wsl/drivers/iigd_dch.inf_amd64_38b23bd92a6775fe/libigd12um64xel.so
No symbol table info available.
#4  0x00007f0527e94a93 in ?? () from /usr/lib/wsl/drivers/iigd_dch.inf_amd64_38b23bd92a6775fe/libigd12um64xel.so
No symbol table info available.
#5  0x00007f0527e8fbfb in ?? () from /usr/lib/wsl/drivers/iigd_dch.inf_amd64_38b23bd92a6775fe/libigd12um64xel.so
No symbol table info available.
#6  0x00007f0527f1815d in ?? () from /usr/lib/wsl/drivers/iigd_dch.inf_amd64_38b23bd92a6775fe/libigd12um64xel.so
No symbol table info available.
#7  0x00007f0527e4e38b in ?? () from /usr/lib/wsl/drivers/iigd_dch.inf_amd64_38b23bd92a6775fe/libigd12um64xel.so
No symbol table info available.
#8  0x00007f0528ea44d0 in ?? () from /usr/lib/wsl/lib/libd3d12core.so
No symbol table info available.
#9  0x00007f0528ea236e in ?? () from /usr/lib/wsl/lib/libd3d12core.so
No symbol table info available.
#10 0x00007f0528ea20c1 in ?? () from /usr/lib/wsl/lib/libd3d12core.so
No symbol table info available.
#11 0x00007f0528db8f39 in ?? () from /usr/lib/wsl/lib/libd3d12core.so
No symbol table info available.
#12 0x00007f0528d716c7 in ?? () from /usr/lib/wsl/lib/libd3d12core.so
No symbol table info available.
#13 0x00007f052919f4b2 in ?? () from /usr/lib/wsl/lib/libd3d12.so
No symbol table info available.
#14 0x00007f052919f1c6 in ?? () from /usr/lib/wsl/lib/libd3d12.so
No symbol table info available.
#15 0x00007f0528ea64fc in ?? () from /usr/lib/wsl/lib/libd3d12core.so
No symbol table info available.
#16 0x00007f0528ea6317 in ?? () from /usr/lib/wsl/lib/libd3d12core.so
No symbol table info available.
#17 0x00007f0528db89f6 in ?? () from /usr/lib/wsl/lib/libd3d12core.so
No symbol table info available.
#18 0x00007f0528d716c7 in ?? () from /usr/lib/wsl/lib/libd3d12core.so
No symbol table info available.
#19 0x00007f052919f4b2 in ?? () from /usr/lib/wsl/lib/libd3d12.so
No symbol table info available.
#20 0x00007f052919f1c6 in ?? () from /usr/lib/wsl/lib/libd3d12.so
No symbol table info available.
#21 0x00007f0528dd1cdf in ?? () from /usr/lib/wsl/lib/libd3d12core.so
No symbol table info available.
#22 0x00007f0528dd534f in ?? () from /usr/lib/wsl/lib/libd3d12core.so
No symbol table info available.
#23 0x00007f0528dc77ec in ?? () from /usr/lib/wsl/lib/libd3d12core.so
No symbol table info available.
#24 0x00007f0532f68e04 in ?? () from /usr/lib/x86_64-linux-gnu/dri/swrast_dri.so
No symbol table info available.
#25 0x00007f0532526b25 in ?? () from /usr/lib/x86_64-linux-gnu/dri/swrast_dri.so
No symbol table info available.
#26 0x00007f05324feebb in ?? () from /usr/lib/x86_64-linux-gnu/dri/swrast_dri.so
No symbol table info available.
#27 0x00007f053250066c in ?? () from /usr/lib/x86_64-linux-gnu/dri/swrast_dri.so
No symbol table info available.
#28 0x00007f053250237d in ?? () from /usr/lib/x86_64-linux-gnu/dri/swrast_dri.so
No symbol table info available.
#29 0x00007f05324d92c7 in ?? () from /usr/lib/x86_64-linux-gnu/dri/swrast_dri.so
No symbol table info available.
#30 0x00007f05324db662 in ?? () from /usr/lib/x86_64-linux-gnu/dri/swrast_dri.so
No symbol table info available.
#31 0x00007f053505020f in sf::Texture::create(unsigned int, unsigned int) () from /lib/x86_64-linux-gnu/libsfml-graphics.so.2.5
No symbol table info available.
#32 0x000055938b3ff98a in AP_OSD_SITL::load_font() ()
No symbol table info available.
#33 0x000055938b3ffec2 in AP_OSD_SITL::update_thread() ()
No symbol table info available.
#34 0x000055938b40022d in AP_OSD_SITL::update_thread_start(void*) ()
No symbol table info available.
#35 0x00007f0534b2dac3 in start_thread (arg=<optimized out>) at ./nptl/pthread_create.c:442
        ret = <optimized out>
        pd = <optimized out>
        out = <optimized out>
        unwind_buf = {cancel_jmp_buf = {{jmp_buf = {140728514625872, -3595212680878471047, 139659982071360, 11, 139660335699920, 140728514626224, 3463551928309532793, 3463642466048034937}, mask_was_saved = 0}}, priv = {pad = {0x0, 0x0, 0x0, 0x0}, data = {prev = 0x0, cleanup = 0x0, canceltype = 0}}}
        not_first_call = <optimized out>
#36 0x00007f0534bbf850 in clone3 () at ../sysdeps/unix/sysv/linux/x86_64/clone3.S:81
No locals.

Thread 6 (Thread 0x7f05201ef640 (LWP 13755) "arduplan:gdrv0"):
#0  __futex_abstimed_wait_common64 (private=0, cancel=true, abstime=0x0, op=393, expected=0, futex_word=0x559391b75908) at ./nptl/futex-internal.c:57
        sc_cancel_oldtype = 0
        sc_ret = <optimized out>
        resultvar = <optimized out>
        __arg6 = <optimized out>
        __arg5 = <optimized out>
        __arg4 = <optimized out>
        __arg3 = <optimized out>
        __arg2 = <optimized out>
        __arg1 = <optimized out>
        _a6 = <optimized out>
        _a5 = <optimized out>
        _a4 = <optimized out>
        _a3 = <optimized out>
        _a2 = <optimized out>
        _a1 = <optimized out>
#1  __futex_abstimed_wait_common (cancel=true, private=0, abstime=0x0, clockid=0, expected=0, futex_word=0x559391b75908) at ./nptl/futex-internal.c:87
        err = <optimized out>
        clockbit = 256
        op = 393
        err = <optimized out>
        clockbit = <optimized out>
        op = <optimized out>
#2  __GI___futex_abstimed_wait_cancelable64 (futex_word=futex_word@entry=0x559391b75908, expected=expected@entry=0, clockid=clockid@entry=0, abstime=abstime@entry=0x0, private=private@entry=0) at ./nptl/futex-internal.c:139
No locals.
#3  0x00007f0534b2ca41 in __pthread_cond_wait_common (abstime=0x0, clockid=0, mutex=0x559391b758b8, cond=0x559391b758e0) at ./nptl/pthread_cond_wait.c:503
        spin = 0
        buffer = {__routine = 0x7f0534b2c720 <__condvar_cleanup_waiting>, __arg = 0x7f05201eec80, __canceltype = 0, __prev = 0x0}
        cbuffer = {wseq = 0, cond = 0x559391b758e0, mutex = 0x559391b758b8, private = 0}
        err = <optimized out>
        g = 0
        flags = <optimized out>
        g1_start = <optimized out>
        maxspin = 0
        signals = <optimized out>
        result = 0
        wseq = 0
        seq = 0
        private = 0
        maxspin = <optimized out>
        err = <optimized out>
        result = <optimized out>
        wseq = <optimized out>
        g = <optimized out>
        seq = <optimized out>
        flags = <optimized out>
        private = <optimized out>
        signals = <optimized out>
        done = <optimized out>
        g1_start = <optimized out>
        spin = <optimized out>
        buffer = <optimized out>
        cbuffer = <optimized out>
        s = <optimized out>
#4  ___pthread_cond_wait (cond=0x559391b758e0, mutex=0x559391b758b8) at ./nptl/pthread_cond_wait.c:627
No locals.
#5  0x00007f05324ae52d in ?? () from /usr/lib/x86_64-linux-gnu/dri/swrast_dri.so
No symbol table info available.
#6  0x00007f053245e8bb in ?? () from /usr/lib/x86_64-linux-gnu/dri/swrast_dri.so
No symbol table info available.
#7  0x00007f05324ae45b in ?? () from /usr/lib/x86_64-linux-gnu/dri/swrast_dri.so
No symbol table info available.
#8  0x00007f0534b2dac3 in start_thread (arg=<optimized out>) at ./nptl/pthread_create.c:442
        ret = <optimized out>
        pd = <optimized out>
        out = <optimized out>
        unwind_buf = {cancel_jmp_buf = {{jmp_buf = {140728514623472, -3595212680878471047, 139659990464064, 2, 139660335699920, 140728514623824, 3463687167702878329, 3463642466048034937}, mask_was_saved = 0}}, priv = {pad = {0x0, 0x0, 0x0, 0x0}, data = {prev = 0x0, cleanup = 0x0, canceltype = 0}}}
        not_first_call = <optimized out>
#9  0x00007f0534bbf850 in clone3 () at ../sysdeps/unix/sysv/linux/x86_64/clone3.S:81
No locals.

Thread 5 (Thread 0x7f0520dfc640 (LWP 13753) "arduplane"):
#0  __futex_abstimed_wait_common64 (private=0, cancel=true, abstime=0x0, op=393, expected=0, futex_word=0x559391ae6b4c) at ./nptl/futex-internal.c:57
        sc_cancel_oldtype = 0
        sc_ret = <optimized out>
        resultvar = <optimized out>
        __arg6 = <optimized out>
        __arg5 = <optimized out>
        __arg4 = <optimized out>
        __arg3 = <optimized out>
        __arg2 = <optimized out>
        __arg1 = <optimized out>
        _a6 = <optimized out>
        _a5 = <optimized out>
        _a4 = <optimized out>
        _a3 = <optimized out>
        _a2 = <optimized out>
        _a1 = <optimized out>
#1  __futex_abstimed_wait_common (cancel=true, private=0, abstime=0x0, clockid=0, expected=0, futex_word=0x559391ae6b4c) at ./nptl/futex-internal.c:87
        err = <optimized out>
        clockbit = 256
        op = 393
        err = <optimized out>
        clockbit = <optimized out>
        op = <optimized out>
#2  __GI___futex_abstimed_wait_cancelable64 (futex_word=futex_word@entry=0x559391ae6b4c, expected=expected@entry=0, clockid=clockid@entry=0, abstime=abstime@entry=0x0, private=private@entry=0) at ./nptl/futex-internal.c:139
No locals.
#3  0x00007f0534b2ca41 in __pthread_cond_wait_common (abstime=0x0, clockid=0, mutex=0x559391a2e3b0, cond=0x559391ae6b20) at ./nptl/pthread_cond_wait.c:503
        spin = 0
        buffer = {__routine = 0x7f0534b2c720 <__condvar_cleanup_waiting>, __arg = 0x7f0520dfbd20, __canceltype = 0, __prev = 0x0}
        cbuffer = {wseq = 15, cond = 0x559391ae6b20, mutex = 0x559391a2e3b0, private = 0}
        err = <optimized out>
        g = 1
        flags = <optimized out>
        g1_start = <optimized out>
        maxspin = 0
        signals = <optimized out>
        result = 0
        wseq = 15
        seq = 7
        private = 0
        maxspin = <optimized out>
        err = <optimized out>
        result = <optimized out>
        wseq = <optimized out>
        g = <optimized out>
        seq = <optimized out>
        flags = <optimized out>
        private = <optimized out>
        signals = <optimized out>
        done = <optimized out>
        g1_start = <optimized out>
        spin = <optimized out>
        buffer = <optimized out>
        cbuffer = <optimized out>
        s = <optimized out>
#4  ___pthread_cond_wait (cond=0x559391ae6b20, mutex=0x559391a2e3b0) at ./nptl/pthread_cond_wait.c:627
No locals.
#5  0x00007f0528c2b74f in ?? () from /usr/lib/wsl/lib/libd3d12core.so
No symbol table info available.
#6  0x00007f0528f7662b in ?? () from /usr/lib/wsl/lib/libd3d12core.so
No symbol table info available.
#7  0x00007f0528f76e0b in ?? () from /usr/lib/wsl/lib/libd3d12core.so
No symbol table info available.
#8  0x00007f0534b2dac3 in start_thread (arg=<optimized out>) at ./nptl/pthread_create.c:442
        ret = <optimized out>
        pd = <optimized out>
        out = <optimized out>
        unwind_buf = {cancel_jmp_buf = {{jmp_buf = {140728514620016, -3595212680878471047, 139660003100224, 75, 139660335699920, 140728514620368, 3463686623852644473, 3463642466048034937}, mask_was_saved = 0}}, priv = {pad = {0x0, 0x0, 0x0, 0x0}, data = {prev = 0x0, cleanup = 0x0, canceltype = 0}}}
        not_first_call = <optimized out>
#9  0x00007f0534bbf850 in clone3 () at ../sysdeps/unix/sysv/linux/x86_64/clone3.S:81
No locals.

Thread 4 (Thread 0x7f05215fd640 (LWP 13752) "arduplane"):
#0  __futex_abstimed_wait_common64 (private=0, cancel=true, abstime=0x0, op=393, expected=0, futex_word=0x559391ae6b4c) at ./nptl/futex-internal.c:57
        sc_cancel_oldtype = 0
        sc_ret = <optimized out>
        resultvar = <optimized out>
        __arg6 = <optimized out>
        __arg5 = <optimized out>
        __arg4 = <optimized out>
        __arg3 = <optimized out>
        __arg2 = <optimized out>
        __arg1 = <optimized out>
        _a6 = <optimized out>
        _a5 = <optimized out>
        _a4 = <optimized out>
        _a3 = <optimized out>
        _a2 = <optimized out>
        _a1 = <optimized out>
#1  __futex_abstimed_wait_common (cancel=true, private=0, abstime=0x0, clockid=0, expected=0, futex_word=0x559391ae6b4c) at ./nptl/futex-internal.c:87
        err = <optimized out>
        clockbit = 256
        op = 393
        err = <optimized out>
        clockbit = <optimized out>
        op = <optimized out>
#2  __GI___futex_abstimed_wait_cancelable64 (futex_word=futex_word@entry=0x559391ae6b4c, expected=expected@entry=0, clockid=clockid@entry=0, abstime=abstime@entry=0x0, private=private@entry=0) at ./nptl/futex-internal.c:139
No locals.
#3  0x00007f0534b2ca41 in __pthread_cond_wait_common (abstime=0x0, clockid=0, mutex=0x559391a2e3b0, cond=0x559391ae6b20) at ./nptl/pthread_cond_wait.c:503
        spin = 0
        buffer = {__routine = 0x7f0534b2c720 <__condvar_cleanup_waiting>, __arg = 0x7f05215fcd20, __canceltype = 0, __prev = 0x0}
        cbuffer = {wseq = 9, cond = 0x559391ae6b20, mutex = 0x559391a2e3b0, private = 0}
        err = <optimized out>
        g = 1
        flags = <optimized out>
        g1_start = <optimized out>
        maxspin = 0
        signals = <optimized out>
        result = 0
        wseq = 9
        seq = 4
        private = 0
        maxspin = <optimized out>
        err = <optimized out>
        result = <optimized out>
        wseq = <optimized out>
        g = <optimized out>
        seq = <optimized out>
        flags = <optimized out>
        private = <optimized out>
        signals = <optimized out>
        done = <optimized out>
        g1_start = <optimized out>
        spin = <optimized out>
        buffer = <optimized out>
        cbuffer = <optimized out>
        s = <optimized out>
#4  ___pthread_cond_wait (cond=0x559391ae6b20, mutex=0x559391a2e3b0) at ./nptl/pthread_cond_wait.c:627
No locals.
#5  0x00007f0528c2b74f in ?? () from /usr/lib/wsl/lib/libd3d12core.so
No symbol table info available.
#6  0x00007f0528f7662b in ?? () from /usr/lib/wsl/lib/libd3d12core.so
No symbol table info available.
#7  0x00007f0528f76e0b in ?? () from /usr/lib/wsl/lib/libd3d12core.so
No symbol table info available.
#8  0x00007f0534b2dac3 in start_thread (arg=<optimized out>) at ./nptl/pthread_create.c:442
        ret = <optimized out>
        pd = <optimized out>
        out = <optimized out>
        unwind_buf = {cancel_jmp_buf = {{jmp_buf = {140728514620016, -3595212680878471047, 139660011492928, 75, 139660335699920, 140728514620368, 3463689926145624185, 3463642466048034937}, mask_was_saved = 0}}, priv = {pad = {0x0, 0x0, 0x0, 0x0}, data = {prev = 0x0, cleanup = 0x0, canceltype = 0}}}
        not_first_call = <optimized out>
#9  0x00007f0534bbf850 in clone3 () at ../sysdeps/unix/sysv/linux/x86_64/clone3.S:81
No locals.

Thread 3 (Thread 0x7f0521dfe640 (LWP 13751) "arduplane"):
#0  __futex_abstimed_wait_common64 (private=0, cancel=true, abstime=0x0, op=393, expected=0, futex_word=0x559391ae6b4c) at ./nptl/futex-internal.c:57
        sc_cancel_oldtype = 0
        sc_ret = <optimized out>
        resultvar = <optimized out>
        __arg6 = <optimized out>
        __arg5 = <optimized out>
        __arg4 = <optimized out>
        __arg3 = <optimized out>
        __arg2 = <optimized out>
        __arg1 = <optimized out>
        _a6 = <optimized out>
        _a5 = <optimized out>
        _a4 = <optimized out>
        _a3 = <optimized out>
        _a2 = <optimized out>
        _a1 = <optimized out>
#1  __futex_abstimed_wait_common (cancel=true, private=0, abstime=0x0, clockid=0, expected=0, futex_word=0x559391ae6b4c) at ./nptl/futex-internal.c:87
        err = <optimized out>
        clockbit = 256
        op = 393
        err = <optimized out>
        clockbit = <optimized out>
        op = <optimized out>
#2  __GI___futex_abstimed_wait_cancelable64 (futex_word=futex_word@entry=0x559391ae6b4c, expected=expected@entry=0, clockid=clockid@entry=0, abstime=abstime@entry=0x0, private=private@entry=0) at ./nptl/futex-internal.c:139
No locals.
#3  0x00007f0534b2ca41 in __pthread_cond_wait_common (abstime=0x0, clockid=0, mutex=0x559391a2e3b0, cond=0x559391ae6b20) at ./nptl/pthread_cond_wait.c:503
        spin = 0
        buffer = {__routine = 0x7f0534b2c720 <__condvar_cleanup_waiting>, __arg = 0x7f0521dfdd20, __canceltype = 0, __prev = 0x0}
        cbuffer = {wseq = 13, cond = 0x559391ae6b20, mutex = 0x559391a2e3b0, private = 0}
        err = <optimized out>
        g = 1
        flags = <optimized out>
        g1_start = <optimized out>
        maxspin = 0
        signals = <optimized out>
        result = 0
        wseq = 13
        seq = 6
        private = 0
        maxspin = <optimized out>
        err = <optimized out>
        result = <optimized out>
        wseq = <optimized out>
        g = <optimized out>
        seq = <optimized out>
        flags = <optimized out>
        private = <optimized out>
        signals = <optimized out>
        done = <optimized out>
        g1_start = <optimized out>
        spin = <optimized out>
        buffer = <optimized out>
        cbuffer = <optimized out>
        s = <optimized out>
#4  ___pthread_cond_wait (cond=0x559391ae6b20, mutex=0x559391a2e3b0) at ./nptl/pthread_cond_wait.c:627
No locals.
#5  0x00007f0528c2b74f in ?? () from /usr/lib/wsl/lib/libd3d12core.so
No symbol table info available.
#6  0x00007f0528f7662b in ?? () from /usr/lib/wsl/lib/libd3d12core.so
No symbol table info available.
#7  0x00007f0528f76e0b in ?? () from /usr/lib/wsl/lib/libd3d12core.so
No symbol table info available.
#8  0x00007f0534b2dac3 in start_thread (arg=<optimized out>) at ./nptl/pthread_create.c:442
        ret = <optimized out>
        pd = <optimized out>
        out = <optimized out>
        unwind_buf = {cancel_jmp_buf = {{jmp_buf = {140728514620016, -3595212680878471047, 139660019885632, 75, 139660335699920, 140728514620368, 3463688826097125497, 3463642466048034937}, mask_was_saved = 0}}, priv = {pad = {0x0, 0x0, 0x0, 0x0}, data = {prev = 0x0, cleanup = 0x0, canceltype = 0}}}
        not_first_call = <optimized out>
#9  0x00007f0534bbf850 in clone3 () at ../sysdeps/unix/sysv/linux/x86_64/clone3.S:81
No locals.

Thread 2 (Thread 0x7f05225ff640 (LWP 13750) "arduplane"):
#0  __futex_abstimed_wait_common64 (private=0, cancel=true, abstime=0x0, op=393, expected=0, futex_word=0x559391ae6b4c) at ./nptl/futex-internal.c:57
        sc_cancel_oldtype = 0
        sc_ret = <optimized out>
        resultvar = <optimized out>
        __arg6 = <optimized out>
        __arg5 = <optimized out>
        __arg4 = <optimized out>
        __arg3 = <optimized out>
        __arg2 = <optimized out>
        __arg1 = <optimized out>
        _a6 = <optimized out>
        _a5 = <optimized out>
        _a4 = <optimized out>
        _a3 = <optimized out>
        _a2 = <optimized out>
        _a1 = <optimized out>
#1  __futex_abstimed_wait_common (cancel=true, private=0, abstime=0x0, clockid=0, expected=0, futex_word=0x559391ae6b4c) at ./nptl/futex-internal.c:87
        err = <optimized out>
        clockbit = 256
        op = 393
        err = <optimized out>
        clockbit = <optimized out>
        op = <optimized out>
#2  __GI___futex_abstimed_wait_cancelable64 (futex_word=futex_word@entry=0x559391ae6b4c, expected=expected@entry=0, clockid=clockid@entry=0, abstime=abstime@entry=0x0, private=private@entry=0) at ./nptl/futex-internal.c:139
No locals.
#3  0x00007f0534b2ca41 in __pthread_cond_wait_common (abstime=0x0, clockid=0, mutex=0x559391a2e3b0, cond=0x559391ae6b20) at ./nptl/pthread_cond_wait.c:503
        spin = 0
        buffer = {__routine = 0x7f0534b2c720 <__condvar_cleanup_waiting>, __arg = 0x7f05225fed20, __canceltype = 0, __prev = 0x0}
        cbuffer = {wseq = 11, cond = 0x559391ae6b20, mutex = 0x559391a2e3b0, private = 0}
        err = <optimized out>
        g = 1
        flags = <optimized out>
        g1_start = <optimized out>
        maxspin = 0
        signals = <optimized out>
        result = 0
        wseq = 11
        seq = 5
        private = 0
        maxspin = <optimized out>
        err = <optimized out>
        result = <optimized out>
        wseq = <optimized out>
        g = <optimized out>
        seq = <optimized out>
        flags = <optimized out>
        private = <optimized out>
        signals = <optimized out>
        done = <optimized out>
        g1_start = <optimized out>
        spin = <optimized out>
        buffer = <optimized out>
        cbuffer = <optimized out>
        s = <optimized out>
#4  ___pthread_cond_wait (cond=0x559391ae6b20, mutex=0x559391a2e3b0) at ./nptl/pthread_cond_wait.c:627
No locals.
#5  0x00007f0528c2b74f in ?? () from /usr/lib/wsl/lib/libd3d12core.so
No symbol table info available.
#6  0x00007f0528f7662b in ?? () from /usr/lib/wsl/lib/libd3d12core.so
No symbol table info available.
#7  0x00007f0528f76e0b in ?? () from /usr/lib/wsl/lib/libd3d12core.so
No symbol table info available.
#8  0x00007f0534b2dac3 in start_thread (arg=<optimized out>) at ./nptl/pthread_create.c:442
        ret = <optimized out>
        pd = <optimized out>
        out = <optimized out>
        unwind_buf = {cancel_jmp_buf = {{jmp_buf = {140728514620016, -3595212680878471047, 139660028278336, 75, 139660335699920, 140728514620368, 3463683328002115705, 3463642466048034937}, mask_was_saved = 0}}, priv = {pad = {0x0, 0x0, 0x0, 0x0}, data = {prev = 0x0, cleanup = 0x0, canceltype = 0}}}
        not_first_call = <optimized out>
#9  0x00007f0534bbf850 in clone3 () at ../sysdeps/unix/sysv/linux/x86_64/clone3.S:81
No locals.

Thread 1 (Thread 0x7f05345d6bc0 (LWP 13741) "arduplane"):
#0  0x00007f0534b7e7f8 in __GI___clock_nanosleep (clock_id=clock_id@entry=0, flags=flags@entry=0, req=req@entry=0x7ffde91fc100, rem=rem@entry=0x0) at ../sysdeps/unix/sysv/linux/clock_nanosleep.c:78
        sc_cancel_oldtype = 0
        sc_ret = <optimized out>
        r = <optimized out>
#1  0x00007f0534b83677 in __GI___nanosleep (req=req@entry=0x7ffde91fc100, rem=rem@entry=0x0) at ../sysdeps/unix/sysv/linux/nanosleep.c:25
        ret = <optimized out>
#2  0x00007f0534bb4f2f in usleep (useconds=<optimized out>) at ../sysdeps/posix/usleep.c:31
        ts = {tv_sec = 0, tv_nsec = 5543000}
#3  0x000055938b42eacf in SITL::Aircraft::sync_frame_time() ()
No symbol table info available.
#4  0x000055938b44ec54 in SITL::QuadPlane::update(sitl_input const&) ()
No symbol table info available.
#5  0x000055938b421e1a in HALSITL::SITL_State::_fdm_input_local() [clone .part.0] ()
No symbol table info available.
#6  0x000055938b422127 in HALSITL::SITL_State::_fdm_input_step() ()
No symbol table info available.
#7  0x000055938b422297 in HALSITL::SITL_State::wait_clock(unsigned long) ()
No symbol table info available.
#8  0x000055938b424dec in HALSITL::Scheduler::delay(unsigned short) ()
No symbol table info available.
#9  0x000055938b2b1dfe in AP_Baro::calibrate(bool) ()
No symbol table info available.
#10 0x000055938b29f736 in Plane::init_ardupilot() ()
No symbol table info available.
#11 0x000055938b3518f6 in AP_Vehicle::setup() ()
No symbol table info available.
#12 0x000055938b41f66d in HAL_SITL::run(int, char* const*, AP_HAL::HAL::Callbacks*) const ()
No symbol table info available.
#13 0x000055938b273034 in main ()
No symbol table info available.
A debugging session is active.

	Inferior 1 [process 13741] will be detached.

Quit anyway? (y or n) [answered Y; input not from terminal]
[Inferior 1 (process 13741) detached]
