[Thread debugging using libthread_db enabled]
Using host libthread_db library "/lib/x86_64-linux-gnu/libthread_db.so.1".
0x00007fabe0f8c3ea in __GI___wait4 (pid=337299, stat_loc=stat_loc@entry=0x7ffd5cf41a68, options=options@entry=0, usage=usage@entry=0x0) at ../sysdeps/unix/sysv/linux/wait4.c:30
30	../sysdeps/unix/sysv/linux/wait4.c: No such file or directory.
#0  0x00007fabe0f8c3ea in __GI___wait4 (pid=337299, stat_loc=stat_loc@entry=0x7ffd5cf41a68, options=options@entry=0, usage=usage@entry=0x0) at ../sysdeps/unix/sysv/linux/wait4.c:30
        sc_ret = -512
        sc_ret = <optimized out>
#1  0x00007fabe0f8c3ab in __GI___waitpid (pid=<optimized out>, stat_loc=stat_loc@entry=0x7ffd5cf41a68, options=options@entry=0) at ./posix/waitpid.c:38
No locals.
#2  0x00007fabe0ef2bdb in do_system (line=<optimized out>) at ../sysdeps/posix/system.c:171
        __result = <optimized out>
        _cleanup_start_doit = true
        _buffer = {__routine = 0x7fabe0ef2c60 <cancel_handler>, __arg = 0x7ffd5cf41a70, __canceltype = 0, __prev = 0x0}
        _cleanup_routine = 0x7fabe0ef2c60 <cancel_handler>
        cancel_args = {quit = 0x7fabe10be7a0 <quit>, intr = 0x7fabe10be840 <intr>, pid = 337299}
        status = -1
        ret = 0
        pid = 337299
        sa = {__sigaction_handler = {sa_handler = 0x1, sa_sigaction = 0x1}, sa_mask = {__val = {65536, 0, 0, 0, 0, 0, 0, 0, 0, 2141192192, 0, 18446744073709551615, 0, 18446744073709551615, 0, 18446744073709551615}}, sa_flags = 0, sa_restorer = 0x7fa00000ffffffff}
        omask = {__val = {0, 9196350441231745024, 9196350441231745024, 9196350441231745024, 9196350441231745024, 9196350441231745024, 9196350441231745024, 9196350441231745024, 9196350441231745024, 9196350441231745024, 9196350441231745024, 140726162956224, 3907209364384194695, 16862249318901863680, 140726162956224, 2}}
        reset = {__val = {6, 199, 140726162955152, 94576028373513, 140726162955536, 140376190133402, 140726162955552, 140726162955392, 140728825905153, 140726162956224, 140726162956224, 140726162956224, 140726162956224, 140726162956300, 140726162956423, 140726162956224}}
        spawn_attr = {__flags = 12, __pgrp = 0, __sd = {__val = {6, 199, 140726162955152, 94576028373513, 140726162955536, 140376190133402, 140726162955552, 140726162955392, 140728825905153, 140726162956224, 140726162956224, 140726162956224, 140726162956224, 140726162956300, 140726162956423, 140726162956224}}, __ss = {__val = {0, 9196350441231745024, 9196350441231745024, 9196350441231745024, 9196350441231745024, 9196350441231745024, 9196350441231745024, 9196350441231745024, 9196350441231745024, 9196350441231745024, 9196350441231745024, 140726162956224, 3907209364384194695, 16862249318901863680, 140726162956224, 2}}, __sp = {sched_priority = 0}, __policy = 0, __pad = {0 <repeats 16 times>}}
#3  0x000056043280688d in AP_HAL::run_command_on_ownpid(char const*) ()
No symbol table info available.
#4  0x0000560432806b96 in AP_HAL::panic(char const*, ...) ()
No symbol table info available.
#5  0x0000560432719a2e in AP_Param::check_group_info(AP_Param::GroupInfo const*, unsigned short*, unsigned char, unsigned char) ()
No symbol table info available.
#6  0x0000560432719bdc in AP_Param::check_var_info() ()
No symbol table info available.
#7  0x0000560432732a04 in AP_Vehicle::setup() ()
No symbol table info available.
#8  0x00005604327ffc6d in HAL_SITL::run(int, char* const*, AP_HAL::HAL::Callbacks*) const ()
No symbol table info available.
#9  0x0000560432654cd4 in main ()
No symbol table info available.

Thread 1 (Thread 0x7fabe0e9d740 (LWP 337296) "arduplane"):
#0  0x00007fabe0f8c3ea in __GI___wait4 (pid=337299, stat_loc=stat_loc@entry=0x7ffd5cf41a68, options=options@entry=0, usage=usage@entry=0x0) at ../sysdeps/unix/sysv/linux/wait4.c:30
        sc_ret = -512
        sc_ret = <optimized out>
#1  0x00007fabe0f8c3ab in __GI___waitpid (pid=<optimized out>, stat_loc=stat_loc@entry=0x7ffd5cf41a68, options=options@entry=0) at ./posix/waitpid.c:38
No locals.
#2  0x00007fabe0ef2bdb in do_system (line=<optimized out>) at ../sysdeps/posix/system.c:171
        __result = <optimized out>
        _cleanup_start_doit = true
        _buffer = {__routine = 0x7fabe0ef2c60 <cancel_handler>, __arg = 0x7ffd5cf41a70, __canceltype = 0, __prev = 0x0}
        _cleanup_routine = 0x7fabe0ef2c60 <cancel_handler>
        cancel_args = {quit = 0x7fabe10be7a0 <quit>, intr = 0x7fabe10be840 <intr>, pid = 337299}
        status = -1
        ret = 0
        pid = 337299
        sa = {__sigaction_handler = {sa_handler = 0x1, sa_sigaction = 0x1}, sa_mask = {__val = {65536, 0, 0, 0, 0, 0, 0, 0, 0, 2141192192, 0, 18446744073709551615, 0, 18446744073709551615, 0, 18446744073709551615}}, sa_flags = 0, sa_restorer = 0x7fa00000ffffffff}
        omask = {__val = {0, 9196350441231745024, 9196350441231745024, 9196350441231745024, 9196350441231745024, 9196350441231745024, 9196350441231745024, 9196350441231745024, 9196350441231745024, 9196350441231745024, 9196350441231745024, 140726162956224, 3907209364384194695, 16862249318901863680, 140726162956224, 2}}
        reset = {__val = {6, 199, 140726162955152, 94576028373513, 140726162955536, 140376190133402, 140726162955552, 140726162955392, 140728825905153, 140726162956224, 140726162956224, 140726162956224, 140726162956224, 140726162956300, 140726162956423, 140726162956224}}
        spawn_attr = {__flags = 12, __pgrp = 0, __sd = {__val = {6, 199, 140726162955152, 94576028373513, 140726162955536, 140376190133402, 140726162955552, 140726162955392, 140728825905153, 140726162956224, 140726162956224, 140726162956224, 140726162956224, 140726162956300, 140726162956423, 140726162956224}}, __ss = {__val = {0, 9196350441231745024, 9196350441231745024, 9196350441231745024, 9196350441231745024, 9196350441231745024, 9196350441231745024, 9196350441231745024, 9196350441231745024, 9196350441231745024, 9196350441231745024, 140726162956224, 3907209364384194695, 16862249318901863680, 140726162956224, 2}}, __sp = {sched_priority = 0}, __policy = 0, __pad = {0 <repeats 16 times>}}
#3  0x000056043280688d in AP_HAL::run_command_on_ownpid(char const*) ()
No symbol table info available.
#4  0x0000560432806b96 in AP_HAL::panic(char const*, ...) ()
No symbol table info available.
#5  0x0000560432719a2e in AP_Param::check_group_info(AP_Param::GroupInfo const*, unsigned short*, unsigned char, unsigned char) ()
No symbol table info available.
#6  0x0000560432719bdc in AP_Param::check_var_info() ()
No symbol table info available.
#7  0x0000560432732a04 in AP_Vehicle::setup() ()
No symbol table info available.
#8  0x00005604327ffc6d in HAL_SITL::run(int, char* const*, AP_HAL::HAL::Callbacks*) const ()
No symbol table info available.
#9  0x0000560432654cd4 in main ()
No symbol table info available.
A debugging session is active.

	Inferior 1 [process 337296] will be detached.

Quit anyway? (y or n) [answered Y; input not from terminal]
[Inferior 1 (process 337296) detached]
