
This GDB supports auto-downloading debuginfo from the following URLs:
  <https://debuginfod.ubuntu.com>
Enable debuginfod for this session? (y or [n]) [answered N; input not from terminal]
Debuginfod has been disabled.
To make this setting permanent, add 'set debuginfod enabled off' to .gdbinit.
[Thread debugging using libthread_db enabled]
Using host libthread_db library "/lib/x86_64-linux-gnu/libthread_db.so.1".
0x00007f282c7a57a7 in __GI___wait4 (pid=5214, stat_loc=stat_loc@entry=0x7ffcb14378e8, options=options@entry=0, usage=usage@entry=0x0) at ../sysdeps/unix/sysv/linux/wait4.c:30

warning: 30	../sysdeps/unix/sysv/linux/wait4.c: No such file or directory
#0  0x00007f282c7a57a7 in __GI___wait4 (pid=5214, stat_loc=stat_loc@entry=0x7ffcb14378e8, options=options@entry=0, usage=usage@entry=0x0) at ../sysdeps/unix/sysv/linux/wait4.c:30
        sc_ret = -512
        sc_ret = <optimized out>
#1  0x00007f282c7a58eb in __GI___waitpid (pid=<optimized out>, stat_loc=stat_loc@entry=0x7ffcb14378e8, options=options@entry=0) at ./posix/waitpid.c:38
No locals.
#2  0x00007f282c6ed5bb in do_system (line=<optimized out>) at ../sysdeps/posix/system.c:172
        __result = <optimized out>
        _cleanup_start_doit = true
        _buffer = {__routine = 0x7f282c6ed640 <cancel_handler>, __arg = 0x7ffcb14378f0, __canceltype = 0, __prev = 0x0}
        _cleanup_routine = 0x7f282c6ed640 <cancel_handler>
        cancel_args = {quit = 0x7f282c89a500 <quit>, intr = 0x7f282c89a5a0 <intr>, pid = 5214}
        status = -1
        ret = 0
        pid = 5214
        sa = {__sigaction_handler = {sa_handler = 0x1, sa_sigaction = 0x1}, sa_mask = {__val = {65536, 140723282475936, 139810520958787, 3616727181111066624, 140723282475712, 93978821913849, 140723282476416, 140723282476200, 93978819434592, 140723282475744, 140723282475744, 140723282475872, 85, 140720308486148, 139810522633440, 4208453775904372050}}, sa_flags = 0, sa_restorer = 0x7263732f736c6f6f}
        omask = {__val = {0, 9196350441231745024, 9196350441231745024, 9196350441231745024, 9196350441231745024, 9196350441231745024, 9196350441231745024, 9196350441231745024, 9196350441231745024, 9196350441231745024, 9196350441231745024, 139810521123189, 139810522633440, 139810522623712, 85, 140723282475744}}
        reset = {__val = {6, 139810521123802, 9196350441231745024, 85, 9196350441231745024, 140723282475696, 85, 139810522624048, 140723282475696, 139810522633440, 140723282475632, 139810520915087, 9196350441231745024, 93978821913805, 140723282475952, 93978821913805}}
        spawn_attr = {__flags = 12, __pgrp = 0, __sd = {__val = {6, 139810521123802, 9196350441231745024, 85, 9196350441231745024, 140723282475696, 85, 139810522624048, 140723282475696, 139810522633440, 140723282475632, 139810520915087, 9196350441231745024, 93978821913805, 140723282475952, 93978821913805}}, __ss = {__val = {0, 9196350441231745024, 9196350441231745024, 9196350441231745024, 9196350441231745024, 9196350441231745024, 9196350441231745024, 9196350441231745024, 9196350441231745024, 9196350441231745024, 9196350441231745024, 139810521123189, 139810522633440, 139810522623712, 85, 140723282475744}}, __sp = {sched_priority = 0}, __policy = 0, __cgroup = 0, __pad = {0 <repeats 15 times>}}
#3  0x00005579263a4b0d in AP_HAL::run_command_on_ownpid(char const*) ()
No symbol table info available.
#4  0x00005579263a4e15 in AP_HAL::panic(char const*, ...) ()
No symbol table info available.
#5  0x00005579262becb6 in AP_Param::load_all() ()
No symbol table info available.
#6  0x0000557926201035 in Plane::load_parameters() ()
No symbol table info available.
#7  0x00005579262d38c1 in AP_Vehicle::setup() ()
No symbol table info available.
#8  0x000055792639e0e6 in HAL_SITL::run(int, char* const*, AP_HAL::HAL::Callbacks*) const ()
No symbol table info available.
#9  0x00005579261f5c14 in main ()
No symbol table info available.

Thread 1 (Thread 0x7f282c690740 (LWP 5212) "arduplane"):
#0  0x00007f282c7a57a7 in __GI___wait4 (pid=5214, stat_loc=stat_loc@entry=0x7ffcb14378e8, options=options@entry=0, usage=usage@entry=0x0) at ../sysdeps/unix/sysv/linux/wait4.c:30
        sc_ret = -512
        sc_ret = <optimized out>
#1  0x00007f282c7a58eb in __GI___waitpid (pid=<optimized out>, stat_loc=stat_loc@entry=0x7ffcb14378e8, options=options@entry=0) at ./posix/waitpid.c:38
No locals.
#2  0x00007f282c6ed5bb in do_system (line=<optimized out>) at ../sysdeps/posix/system.c:172
        __result = <optimized out>
        _cleanup_start_doit = true
        _buffer = {__routine = 0x7f282c6ed640 <cancel_handler>, __arg = 0x7ffcb14378f0, __canceltype = 0, __prev = 0x0}
        _cleanup_routine = 0x7f282c6ed640 <cancel_handler>
        cancel_args = {quit = 0x7f282c89a500 <quit>, intr = 0x7f282c89a5a0 <intr>, pid = 5214}
        status = -1
        ret = 0
        pid = 5214
        sa = {__sigaction_handler = {sa_handler = 0x1, sa_sigaction = 0x1}, sa_mask = {__val = {65536, 140723282475936, 139810520958787, 3616727181111066624, 140723282475712, 93978821913849, 140723282476416, 140723282476200, 93978819434592, 140723282475744, 140723282475744, 140723282475872, 85, 140720308486148, 139810522633440, 4208453775904372050}}, sa_flags = 0, sa_restorer = 0x7263732f736c6f6f}
        omask = {__val = {0, 9196350441231745024, 9196350441231745024, 9196350441231745024, 9196350441231745024, 9196350441231745024, 9196350441231745024, 9196350441231745024, 9196350441231745024, 9196350441231745024, 9196350441231745024, 139810521123189, 139810522633440, 139810522623712, 85, 140723282475744}}
        reset = {__val = {6, 139810521123802, 9196350441231745024, 85, 9196350441231745024, 140723282475696, 85, 139810522624048, 140723282475696, 139810522633440, 140723282475632, 139810520915087, 9196350441231745024, 93978821913805, 140723282475952, 93978821913805}}
        spawn_attr = {__flags = 12, __pgrp = 0, __sd = {__val = {6, 139810521123802, 9196350441231745024, 85, 9196350441231745024, 140723282475696, 85, 139810522624048, 140723282475696, 139810522633440, 140723282475632, 139810520915087, 9196350441231745024, 93978821913805, 140723282475952, 93978821913805}}, __ss = {__val = {0, 9196350441231745024, 9196350441231745024, 9196350441231745024, 9196350441231745024, 9196350441231745024, 9196350441231745024, 9196350441231745024, 9196350441231745024, 9196350441231745024, 9196350441231745024, 139810521123189, 139810522633440, 139810522623712, 85, 140723282475744}}, __sp = {sched_priority = 0}, __policy = 0, __cgroup = 0, __pad = {0 <repeats 15 times>}}
#3  0x00005579263a4b0d in AP_HAL::run_command_on_ownpid(char const*) ()
No symbol table info available.
#4  0x00005579263a4e15 in AP_HAL::panic(char const*, ...) ()
No symbol table info available.
#5  0x00005579262becb6 in AP_Param::load_all() ()
No symbol table info available.
#6  0x0000557926201035 in Plane::load_parameters() ()
No symbol table info available.
#7  0x00005579262d38c1 in AP_Vehicle::setup() ()
No symbol table info available.
#8  0x000055792639e0e6 in HAL_SITL::run(int, char* const*, AP_HAL::HAL::Callbacks*) const ()
No symbol table info available.
#9  0x00005579261f5c14 in main ()
No symbol table info available.
A debugging session is active.

	Inferior 1 [process 5212] will be detached.

Quit anyway? (y or n) [answered Y; input not from terminal]
[Inferior 1 (process 5212) detached]
