
This GDB supports auto-downloading debuginfo from the following URLs:
  <https://debuginfod.ubuntu.com>
Enable debuginfod for this session? (y or [n]) [answered N; input not from terminal]
Debuginfod has been disabled.
To make this setting permanent, add 'set debuginfod enabled off' to .gdbinit.
[Thread debugging using libthread_db enabled]
Using host libthread_db library "/lib/x86_64-linux-gnu/libthread_db.so.1".
0x00007fbbcfc2b7a7 in __GI___wait4 (pid=5213, stat_loc=stat_loc@entry=0x7fff5ebacaa8, options=options@entry=0, usage=usage@entry=0x0) at ../sysdeps/unix/sysv/linux/wait4.c:30

warning: 30	../sysdeps/unix/sysv/linux/wait4.c: No such file or directory
#0  0x00007fbbcfc2b7a7 in __GI___wait4 (pid=5213, stat_loc=stat_loc@entry=0x7fff5ebacaa8, options=options@entry=0, usage=usage@entry=0x0) at ../sysdeps/unix/sysv/linux/wait4.c:30
        sc_ret = -512
        sc_ret = <optimized out>
#1  0x00007fbbcfc2b8eb in __GI___waitpid (pid=<optimized out>, stat_loc=stat_loc@entry=0x7fff5ebacaa8, options=options@entry=0) at ./posix/waitpid.c:38
No locals.
#2  0x00007fbbcfb735bb in do_system (line=<optimized out>) at ../sysdeps/posix/system.c:172
        __result = <optimized out>
        _cleanup_start_doit = true
        _buffer = {__routine = 0x7fbbcfb73640 <cancel_handler>, __arg = 0x7fff5ebacab0, __canceltype = 0, __prev = 0x0}
        _cleanup_routine = 0x7fbbcfb73640 <cancel_handler>
        cancel_args = {quit = 0x7fbbcfd20500 <quit>, intr = 0x7fbbcfd205a0 <intr>, pid = 5213}
        status = -1
        ret = 0
        pid = 5213
        sa = {__sigaction_handler = {sa_handler = 0x1, sa_sigaction = 0x1}, sa_mask = {__val = {65536, 140734782688608, 140444620580675, 3544669587073138688, 140734782688384, 93924757835001, 140734782689088, 140734782688872, 93924755355744, 140734782688416, 140734782688416, 140734782688544, 85, 140733193388036, 140444622255328, 4208453775904372050}}, sa_flags = 0, sa_restorer = 0x7263732f736c6f6f}
        omask = {__val = {0, 9196350441231745024, 9196350441231745024, 9196350441231745024, 9196350441231745024, 9196350441231745024, 9196350441231745024, 9196350441231745024, 9196350441231745024, 9196350441231745024, 9196350441231745024, 140444620745077, 140444622255328, 140444622245600, 85, 140734782688416}}
        reset = {__val = {6, 140444620745690, 9196350441231745024, 85, 9196350441231745024, 140734782688368, 85, 140444622245936, 140734782688368, 140444622255328, 140734782688304, 140444620536975, 9196350441231745024, 93924757834957, 140734782688624, 93924757834957}}
        spawn_attr = {__flags = 12, __pgrp = 0, __sd = {__val = {6, 140444620745690, 9196350441231745024, 85, 9196350441231745024, 140734782688368, 85, 140444622245936, 140734782688368, 140444622255328, 140734782688304, 140444620536975, 9196350441231745024, 93924757834957, 140734782688624, 93924757834957}}, __ss = {__val = {0, 9196350441231745024, 9196350441231745024, 9196350441231745024, 9196350441231745024, 9196350441231745024, 9196350441231745024, 9196350441231745024, 9196350441231745024, 9196350441231745024, 9196350441231745024, 140444620745077, 140444622255328, 140444622245600, 85, 140734782688416}}, __sp = {sched_priority = 0}, __policy = 0, __cgroup = 0, __pad = {0 <repeats 15 times>}}
#3  0x0000556c8fc1eb0d in AP_HAL::run_command_on_ownpid(char const*) ()
No symbol table info available.
#4  0x0000556c8fc1ee15 in AP_HAL::panic(char const*, ...) ()
No symbol table info available.
#5  0x0000556c8fb38cb6 in AP_Param::load_all() ()
No symbol table info available.
#6  0x0000556c8fa7b035 in Plane::load_parameters() ()
No symbol table info available.
#7  0x0000556c8fb4d8c1 in AP_Vehicle::setup() ()
No symbol table info available.
#8  0x0000556c8fc180e6 in HAL_SITL::run(int, char* const*, AP_HAL::HAL::Callbacks*) const ()
No symbol table info available.
#9  0x0000556c8fa6fc14 in main ()
No symbol table info available.

Thread 1 (Thread 0x7fbbcfb16740 (LWP 5211) "arduplane"):
#0  0x00007fbbcfc2b7a7 in __GI___wait4 (pid=5213, stat_loc=stat_loc@entry=0x7fff5ebacaa8, options=options@entry=0, usage=usage@entry=0x0) at ../sysdeps/unix/sysv/linux/wait4.c:30
        sc_ret = -512
        sc_ret = <optimized out>
#1  0x00007fbbcfc2b8eb in __GI___waitpid (pid=<optimized out>, stat_loc=stat_loc@entry=0x7fff5ebacaa8, options=options@entry=0) at ./posix/waitpid.c:38
No locals.
#2  0x00007fbbcfb735bb in do_system (line=<optimized out>) at ../sysdeps/posix/system.c:172
        __result = <optimized out>
        _cleanup_start_doit = true
        _buffer = {__routine = 0x7fbbcfb73640 <cancel_handler>, __arg = 0x7fff5ebacab0, __canceltype = 0, __prev = 0x0}
        _cleanup_routine = 0x7fbbcfb73640 <cancel_handler>
        cancel_args = {quit = 0x7fbbcfd20500 <quit>, intr = 0x7fbbcfd205a0 <intr>, pid = 5213}
        status = -1
        ret = 0
        pid = 5213
        sa = {__sigaction_handler = {sa_handler = 0x1, sa_sigaction = 0x1}, sa_mask = {__val = {65536, 140734782688608, 140444620580675, 3544669587073138688, 140734782688384, 93924757835001, 140734782689088, 140734782688872, 93924755355744, 140734782688416, 140734782688416, 140734782688544, 85, 140733193388036, 140444622255328, 4208453775904372050}}, sa_flags = 0, sa_restorer = 0x7263732f736c6f6f}
        omask = {__val = {0, 9196350441231745024, 9196350441231745024, 9196350441231745024, 9196350441231745024, 9196350441231745024, 9196350441231745024, 9196350441231745024, 9196350441231745024, 9196350441231745024, 9196350441231745024, 140444620745077, 140444622255328, 140444622245600, 85, 140734782688416}}
        reset = {__val = {6, 140444620745690, 9196350441231745024, 85, 9196350441231745024, 140734782688368, 85, 140444622245936, 140734782688368, 140444622255328, 140734782688304, 140444620536975, 9196350441231745024, 93924757834957, 140734782688624, 93924757834957}}
        spawn_attr = {__flags = 12, __pgrp = 0, __sd = {__val = {6, 140444620745690, 9196350441231745024, 85, 9196350441231745024, 140734782688368, 85, 140444622245936, 140734782688368, 140444622255328, 140734782688304, 140444620536975, 9196350441231745024, 93924757834957, 140734782688624, 93924757834957}}, __ss = {__val = {0, 9196350441231745024, 9196350441231745024, 9196350441231745024, 9196350441231745024, 9196350441231745024, 9196350441231745024, 9196350441231745024, 9196350441231745024, 9196350441231745024, 9196350441231745024, 140444620745077, 140444622255328, 140444622245600, 85, 140734782688416}}, __sp = {sched_priority = 0}, __policy = 0, __cgroup = 0, __pad = {0 <repeats 15 times>}}
#3  0x0000556c8fc1eb0d in AP_HAL::run_command_on_ownpid(char const*) ()
No symbol table info available.
#4  0x0000556c8fc1ee15 in AP_HAL::panic(char const*, ...) ()
No symbol table info available.
#5  0x0000556c8fb38cb6 in AP_Param::load_all() ()
No symbol table info available.
#6  0x0000556c8fa7b035 in Plane::load_parameters() ()
No symbol table info available.
#7  0x0000556c8fb4d8c1 in AP_Vehicle::setup() ()
No symbol table info available.
#8  0x0000556c8fc180e6 in HAL_SITL::run(int, char* const*, AP_HAL::HAL::Callbacks*) const ()
No symbol table info available.
#9  0x0000556c8fa6fc14 in main ()
No symbol table info available.
A debugging session is active.

	Inferior 1 [process 5211] will be detached.

Quit anyway? (y or n) [answered Y; input not from terminal]
[Inferior 1 (process 5211) detached]
